<html>
<body>
<pre>
<h1>µVision Build Log</h1>
<h2>Tool Versions:</h2>
IDE-Version: ¦ÌVision V5.38.0.0
Copyright (C) 2022 ARM Ltd and ARM Germany GmbH. All rights reserved.
License Information: Zhang Ruihan, Glasgow university, LIC=7YK1Z-3232R-8L25B-K91KA-8KHDN-E6BA0
 
Tool Versions:
Toolchain:       MDK-ARM Professional  Version: 5.38.0.0
Toolchain Path:  D:\software2\keil5\core\ARM\ARMCC\Bin
C Compiler:      Armcc.exe V5.06 update 7 (build 960)
Assembler:       Armasm.exe V5.06 update 7 (build 960)
Linker/Locator:  ArmLink.exe V5.06 update 7 (build 960)
Library Manager: ArmAr.exe V5.06 update 7 (build 960)
Hex Converter:   FromElf.exe V5.06 update 7 (build 960)
CPU DLL:         SARMCM3.DLL V5.38.0.0
Dialog DLL:      DARMSTM.DLL V1.69.1.0
Target DLL:      STLink\ST-LINKIII-KEIL_SWO.dll V3.1.0.0
Dialog DLL:      TARMSTM.DLL V1.67.1.0
 
<h2>Project:</h2>
D:\Amos\project\test1\STM32_changed (2)\STM32_changed\Project\Kibot1-32.uvprojx
Project File Date:  07/16/2023

<h2>Output:</h2>
*** Using Compiler 'V5.06 update 7 (build 960)', folder: 'D:\software2\keil5\core\ARM\ARMCC\Bin'
Rebuild target 'Target 1'
compiling core_cm3.c...
assembling startup_stm32f10x_hd.s...
compiling stm32f10x_gpio.c...
compiling stm32f10x_usart.c...
compiling stm32f10x_rcc.c...
compiling stm32f10x_it.c...
compiling misc.c...
compiling stm32f10x_i2c.c...
compiling stm32f10x_dma.c...
compiling system_stm32f10x.c...
compiling stm32f10x_adc.c...
compiling stm32f10x_spi.c...
compiling stm32f10x_flash.c...
compiling stm32f10x_tim.c...
compiling z_adc.c...
compiling w25q64.c...
compiling usart.c...
compiling pid.c...
compiling timer.c...
compiling main.c...
..\src\main.c(459): warning:  #181-D: argument is incompatible with corresponding format string conversion
  		if(sscanf((char *)uart_receive_buf, "$SMODE%d-%d!", &int1, &float1)) 
..\src\main.c: 1 warning, 0 errors
compiling sensor.c...
..\src\sensor.c(124): warning:  #177-D: variable "j"  was declared but never referenced
  	static u8 j =0;
..\src\sensor.c(126): warning:  #177-D: variable "speed1"  was declared but never referenced
  	static u16 speed1,speed2,speed3,speed4;
..\src\sensor.c(126): warning:  #177-D: variable "speed2"  was declared but never referenced
  	static u16 speed1,speed2,speed3,speed4;
..\src\sensor.c(126): warning:  #177-D: variable "speed3"  was declared but never referenced
  	static u16 speed1,speed2,speed3,speed4;
..\src\sensor.c(126): warning:  #177-D: variable "speed4"  was declared but never referenced
  	static u16 speed1,speed2,speed3,speed4;
..\src\sensor.c(419): warning:  #177-D: variable "avoidance_flag"  was declared but never referenced
  	static u8 avoidance_flag = 0;
..\src\sensor.c(421): warning:  #177-D: variable "speed"  was declared but never referenced
  	int speed = 500, adc_csb;
..\src\sensor.c(577): warning:  #1-D: last line of file ends without a newline
  }
..\src\sensor.c(14): warning:  #550-D: variable "flagSoundStart"  was set but never used
  static u8 flagSoundStart=0;
..\src\sensor.c: 9 warnings, 0 errors
compiling delay.c...
compiling global.c...
compiling gpio.c...
compiling rcc.c...
linking...
Program Size: Code=29758 RO-data=626 RW-data=272 ZI-data=8264  
FromELF: creating hex file...
..\OUT\Kibot1-32.hex: Warning: Q9931W: Your license for feature Keil will expire in 19 days
Finished: 0 information, 1 warning and 0 error messages.
"..\OUT\Kibot1-32.axf" - 0 Error(s), 10 Warning(s).

<h2>Software Packages used:</h2>

Package Vendor: ARM
                http://www.keil.com/pack/ARM.CMSIS.5.9.0.pack
                ARM.CMSIS.5.9.0
                CMSIS (Common Microcontroller Software Interface Standard)
   * Component: CORE Version: 5.6.0

Package Vendor: Keil
                http://www.keil.com/pack/Keil.STM32F1xx_DFP.2.4.0.pack
                Keil.STM32F1xx_DFP.2.4.0
                STMicroelectronics STM32F1 Series Device Support, Drivers and Examples

<h2>Collection of Component include folders:</h2>
  ./RTE/_Target_1
  D:/software2/keil5/pack/ARM/CMSIS/5.9.0/CMSIS/Core/Include
  D:/software2/keil5/pack/Keil/STM32F1xx_DFP/2.4.0/Device/Include

<h2>Collection of Component Files used:</h2>

   * Component: ARM::CMSIS:CORE:5.6.0
Build Time Elapsed:  00:00:01
</pre>
</body>
</html>
