Component: ARM Compiler 5.06 update 7 (build 960) Tool: armlink [4d3601]

==============================================================================

Section Cross References

    system_stm32f10x.o(.text) refers to system_stm32f10x.o(.data) for SystemCoreClock
    stm32f10x_gpio.o(.text) refers to stm32f10x_rcc.o(.text) for RCC_APB2PeriphResetCmd
    stm32f10x_rcc.o(.text) refers to stm32f10x_rcc.o(.data) for APBAHBPrescTable
    stm32f10x_usart.o(.text) refers to stm32f10x_rcc.o(.text) for RCC_APB2PeriphResetCmd
    stm32f10x_i2c.o(.text) refers to stm32f10x_rcc.o(.text) for RCC_APB1PeriphResetCmd
    stm32f10x_tim.o(.text) refers to stm32f10x_rcc.o(.text) for RCC_APB2PeriphResetCmd
    stm32f10x_spi.o(.text) refers to stm32f10x_rcc.o(.text) for RCC_APB2PeriphResetCmd
    stm32f10x_adc.o(.text) refers to stm32f10x_rcc.o(.text) for RCC_APB2PeriphResetCmd
    startup_stm32f10x_hd.o(STACK) refers (Special) to heapauxi.o(.text) for __use_two_region_memory
    startup_stm32f10x_hd.o(HEAP) refers (Special) to heapauxi.o(.text) for __use_two_region_memory
    startup_stm32f10x_hd.o(RESET) refers (Special) to heapauxi.o(.text) for __use_two_region_memory
    startup_stm32f10x_hd.o(RESET) refers to startup_stm32f10x_hd.o(STACK) for __initial_sp
    startup_stm32f10x_hd.o(RESET) refers to startup_stm32f10x_hd.o(.text) for Reset_Handler
    startup_stm32f10x_hd.o(RESET) refers to stm32f10x_it.o(.text) for NMI_Handler
    startup_stm32f10x_hd.o(RESET) refers to z_timer.o(.text) for SysTick_Handler
    startup_stm32f10x_hd.o(RESET) refers to z_usart.o(.text) for USART1_IRQHandler
    startup_stm32f10x_hd.o(.text) refers (Special) to heapauxi.o(.text) for __use_two_region_memory
    startup_stm32f10x_hd.o(.text) refers to system_stm32f10x.o(.text) for SystemInit
    startup_stm32f10x_hd.o(.text) refers to __main.o(!!!main) for __main
    startup_stm32f10x_hd.o(.text) refers to startup_stm32f10x_hd.o(HEAP) for Heap_Mem
    startup_stm32f10x_hd.o(.text) refers to startup_stm32f10x_hd.o(STACK) for Stack_Mem
    z_main.o(.text) refers to _printf_percent.o(.ARM.Collect$$_printf_percent$$00000000) for _printf_percent
    z_main.o(.text) refers to _printf_d.o(.ARM.Collect$$_printf_percent$$00000009) for _printf_d
    z_main.o(.text) refers to _printf_dec.o(.text) for _printf_int_dec
    z_main.o(.text) refers to _scanf_int.o(.text) for _scanf_int
    z_main.o(.text) refers to _printf_pad.o(.text) for _printf_pre_padding
    z_main.o(.text) refers to z_w25q64.o(.text) for spiFlahsOn
    z_main.o(.text) refers to z_timer.o(.text) for millis
    z_main.o(.text) refers to z_usart.o(.text) for zx_uart_send_str
    z_main.o(.text) refers to fflt_clz.o(x$fpl$fflt) for __aeabi_i2f
    z_main.o(.text) refers to faddsub_clz.o(x$fpl$frsb) for __aeabi_frsub
    z_main.o(.text) refers to faddsub_clz.o(x$fpl$fadd) for __aeabi_fadd
    z_main.o(.text) refers to frleqf.o(x$fpl$frleqf) for __aeabi_cfrcmple
    z_main.o(.text) refers to fleqf.o(x$fpl$fleqf) for __aeabi_cfcmple
    z_main.o(.text) refers to ffixu.o(x$fpl$ffixu) for __aeabi_f2uiz
    z_main.o(.text) refers to fflt_clz.o(x$fpl$ffltu) for __aeabi_ui2f
    z_main.o(.text) refers to fmul.o(x$fpl$fmul) for __aeabi_fmul
    z_main.o(.text) refers to faddsub_clz.o(x$fpl$fsub) for __aeabi_fsub
    z_main.o(.text) refers to dflt_clz.o(x$fpl$dfltu) for __aeabi_ui2d
    z_main.o(.text) refers to ddiv.o(x$fpl$ddiv) for __aeabi_ddiv
    z_main.o(.text) refers to f2d.o(x$fpl$f2d) for __aeabi_f2d
    z_main.o(.text) refers to d2f.o(x$fpl$d2f) for __aeabi_d2f
    z_main.o(.text) refers to z_global.o(.bss) for eeprom_info
    z_main.o(.text) refers to z_main.o(.data) for needSaveFlag
    z_main.o(.text) refers to rt_memclr.o(.text) for __aeabi_memclr
    z_main.o(.text) refers to noretval__2sprintf.o(.text) for __2sprintf
    z_main.o(.text) refers to __0sscanf.o(.text) for __0sscanf
    z_main.o(.text) refers to rt_memclr_w.o(.text) for __aeabi_memclr4
    z_main.o(.text) refers to strcpy.o(.text) for strcpy
    z_main.o(.text) refers to strlen.o(.text) for strlen
    z_main.o(.text) refers to z_global.o(.data) for group_do_ok
    z_main.o(.text) refers to z_global.o(.text) for str_contain_str
    z_main.o(.text) refers to z_gpio.o(.text) for beep_on_times
    z_main.o(.text) refers to z_delay.o(.text) for tb_delay_ms
    z_main.o(.text) refers to stm32f10x_usart.o(.text) for USART_ITConfig
    z_main.o(.text) refers to z_rcc.o(.text) for tb_rcc_init
    z_main.o(.text) refers to z_sensor.o(.text) for setup_sensor
    z_main.o(.text) refers to z_adc.o(.text) for ADC_init
    z_global.o(.text) refers to z_global.o(.bss) for duoji_doing
    z_gpio.o(.text) refers to stm32f10x_rcc.o(.text) for RCC_APB2PeriphClockCmd
    z_gpio.o(.text) refers to stm32f10x_gpio.o(.text) for GPIO_PinRemapConfig
    z_gpio.o(.text) refers to z_delay.o(.text) for tb_delay_ms
    z_gpio.o(.text) refers to z_gpio.o(.data) for flag
    z_ps2.o(.text) refers to stm32f10x_rcc.o(.text) for RCC_APB2PeriphClockCmd
[...]
    .data                                    0x20000000   Section       20  system_stm32f10x.o(.data)
    .data                                    0x20000014   Section       20  stm32f10x_rcc.o(.data)
    APBAHBPrescTable                         0x20000014   Data          16  stm32f10x_rcc.o(.data)
    ADCPrescTable                            0x20000024   Data           4  stm32f10x_rcc.o(.data)
    .data                                    0x20000028   Section       60  z_main.o(.data)
    time_count                               0x2000004c   Data           4  z_main.o(.data)
    flag                                     0x20000050   Data           1  z_main.o(.data)
    systick_ms_bak                           0x20000058   Data           8  z_main.o(.data)
    saveTime                                 0x20000060   Data           4  z_main.o(.data)
    .data                                    0x20000064   Section        4  z_global.o(.data)
    .data                                    0x20000068   Section        1  z_gpio.o(.data)
    flag                                     0x20000068   Data           1  z_gpio.o(.data)
    .data                                    0x2000006c   Section       26  z_timer.o(.data)
    flag                                     0x20000077   Data           1  z_timer.o(.data)
    duoji_index1                             0x20000078   Data           1  z_timer.o(.data)
    ir_data_buf                              0x2000007c   Data           4  z_timer.o(.data)
    ir_low_time                              0x20000080   Data           2  z_timer.o(.data)
    ir_high_time                             0x20000082   Data           2  z_timer.o(.data)
    ir_period_time                           0x20000084   Data           2  z_timer.o(.data)
    .data                                    0x20000086   Section        4  z_usart.o(.data)
    buf_index                                0x20000086   Data           2  z_usart.o(.data)
    buf_index                                0x20000088   Data           2  z_usart.o(.data)
    .data                                    0x2000008a   Section        5  z_w25q64.o(.data)
    tmp                                      0x2000008e   Data           1  z_w25q64.o(.data)
    .data                                    0x20000090   Section       24  z_sensor.o(.data)
    flagSoundStart                           0x20000090   Data           1  z_sensor.o(.data)
    AI_mode_bak                              0x20000096   Data           1  z_sensor.o(.data)
    myvalue                                  0x20000098   Data           4  z_sensor.o(.data)
    flag                                     0x2000009c   Data           1  z_sensor.o(.data)
    systick_ms_bak                           0x200000a0   Data           4  z_sensor.o(.data)
    systick_ms_bak                           0x200000a4   Data           4  z_sensor.o(.data)
    .data                                    0x200000a8   Section        2  z_adc.o(.data)
    .bss                                     0x200000ac   Section     2368  z_global.o(.bss)
    .bss                                     0x200009ec   Section     4114  z_w25q64.o(.bss)
    .bss                                     0x20001a00   Section       20  z_sensor.o(.bss)
    ad_value                                 0x20001a00   Data          20  z_sensor.o(.bss)
    .bss                                     0x20001a14   Section       96  libspace.o(.bss)
    HEAP                                     0x20001a78   Section      512  startup_stm32f10x_hd.o(HEAP)
    Heap_Mem                                 0x20001a78   Data         512  startup_stm32f10x_hd.o(HEAP)
    STACK                                    0x20001c78   Section     1024  startup_stm32f10x_hd.o(STACK)
    Stack_Mem                                0x20001c78   Data        1024  startup_stm32f10x_hd.o(STACK)
    __initial_sp                             0x20002078   Data           0  startup_stm32f10x_hd.o(STACK)

    Global Symbols

    Symbol Name                              Value     Ov Type        Size  Object(Section)

    BuildAttributes$$THM_ISAv4$P$D$K$B$S$PE$A:L22UL41UL21$X:L11$S22US41US21$IEEE1$IW$USESV6$~STKCKD$USESV7$~SHL$OTIME$ROPI$IEEEX$EBA8$UX$STANDARDLIB$REQ8$PRES8$EABIv2 0x00000000   Number         0  anon$$obj.o ABSOLUTE
    __ARM_use_no_argv                        0x00000000   Number         0  z_main.o ABSOLUTE
    _printf_flags                            0x00000000   Number         0  printf_stubs.o ABSOLUTE
    _printf_return_value                     0x00000000   Number         0  printf_stubs.o ABSOLUTE
    _printf_sizespec                         0x00000000   Number         0  printf_stubs.o ABSOLUTE
    _printf_widthprec                        0x00000000   Number         0  printf_stubs.o ABSOLUTE
    __ARM_exceptions_init                     - Undefined Weak Reference
    __alloca_initialize                       - Undefined Weak Reference
    __arm_fini_                               - Undefined Weak Reference
    __arm_preinit_                            - Undefined Weak Reference
    __cpp_initialize__aeabi_                  - Undefined Weak Reference
    __cxa_finalize                            - Undefined Weak Reference
    __sigvec_lookup                           - Undefined Weak Reference
    _atexit_init                              - Undefined Weak Reference
    _call_atexit_fns                          - Undefined Weak Reference
    _clock_init                               - Undefined Weak Reference
    _fp_trap_init                             - Undefined Weak Reference
    _fp_trap_shutdown                         - Undefined Weak Reference
    _get_lc_collate                           - Undefined Weak Reference
    _get_lc_monetary                          - Undefined Weak Reference
    _get_lc_numeric                           - Undefined Weak Reference
    _get_lc_time                              - Undefined Weak Reference
    _getenv_init                              - Undefined Weak Reference
    _handle_redirection                       - Undefined Weak Reference
    _init_alloc                               - Undefined Weak Reference
    _init_user_alloc                          - Undefined Weak Reference
    _initio                                   - Undefined Weak Reference
    _printf_truncate_signed                   - Undefined Weak Reference
    _printf_truncate_unsigned                 - Undefined Weak Reference
    _rand_init                                - Undefined Weak Reference
    _scanf_longlong                           - Undefined Weak Reference
    _scanf_mbtowc                             - Undefined Weak Reference
    _scanf_real                               - Undefined Weak Reference
    _scanf_string                             - Undefined Weak Reference
    _scanf_wctomb                             - Undefined Weak Reference
    _scanf_wstring                            - Undefined Weak Reference
    _signal_finish                            - Undefined Weak Reference
    _signal_init                              - Undefined Weak Reference
    _terminate_alloc                          - Undefined Weak Reference
    _terminate_user_alloc                     - Undefined Weak Reference
    _terminateio                              - Undefined Weak Reference
    __Vectors_Size                           0x00000130   Number         0  startup_stm32f10x_hd.o ABSOLUTE
    __Vectors                                0x08000000   Data           4  startup_stm32f10x_hd.o(RESET)
    __Vectors_End                            0x08000130   Data           0  startup_stm32f10x_hd.o(RESET)
    __main                                   0x08000131   Thumb Code     8  __main.o(!!!main)
    __scatterload                            0x08000139   Thumb Code     0  __scatter.o(!!!scatter)
    __scatterload_rt2                        0x08000139   Thumb Code    44  __scatter.o(!!!scatter)
    __scatterload_rt2_thumb_only             0x08000139   Thumb Code     0  __scatter.o(!!!scatter)
    __scatterload_null                       0x08000147   Thumb Code     0  __scatter.o(!!!scatter)
    __scatterload_copy                       0x0800016d   Thumb Code    26  __scatter_copy.o(!!handler_copy)
    __scatterload_zeroinit                   0x08000189   Thumb Code    28  __scatter_zi.o(!!handler_zi)
    _printf_d                                0x080001a5   Thumb Code     0  _printf_d.o(.ARM.Collect$$_printf_percent$$00000009)
    _printf_percent                          0x080001a5   Thumb Code     0  _printf_percent.o(.ARM.Collect$$_printf_percent$$00000000)
    _printf_percent_end                      0x080001ab   Thumb Code     0  _printf_percent_end.o(.ARM.Collect$$_printf_percent$$00000017)
    __rt_lib_init                            0x080001af   Thumb Code     0  libinit.o(.ARM.Collect$$libinit$$00000000)
    __rt_lib_init_fp_1                       0x080001b1   Thumb Code     0  libinit2.o(.ARM.Collect$$libinit$$00000002)
    __rt_lib_init_heap_1                     0x080001b1   Thumb Code     0  libinit2.o(.ARM.Collect$$libinit$$0000000A)
    __rt_lib_init_lc_common                  0x080001b1   Thumb Code     0  libinit2.o(.ARM.Collect$$libinit$$0000000F)
    __rt_lib_init_preinit_1                  0x080001b1   Thumb Code     0  libinit2.o(.ARM.Collect$$libinit$$00000004)
    __rt_lib_init_rand_1                     0x080001b1   Thumb Code     0  libinit2.o(.ARM.Collect$$libinit$$0000000E)
    __rt_lib_init_user_alloc_1               0x080001b1   Thumb Code     0  libinit2.o(.ARM.Collect$$libinit$$0000000C)
    __rt_lib_init_lc_collate_1               0x080001b7   Thumb Code     0  libinit2.o(.ARM.Collect$$libinit$$00000011)
    __rt_lib_init_lc_ctype_2                 0x080001b7   Thumb Code     0  libinit2.o(.ARM.Collect$$libinit$$00000012)
    __rt_lib_init_alloca_1                   0x080001c3   Thumb Code     0  libinit2.o(.ARM.Collect$$libinit$$0000002E)
    __rt_lib_init_argv_1                     0x080001c3   Thumb Code     0  libinit2.o(.ARM.Collect$$libinit$$0000002C)
    __rt_lib_init_atexit_1                   0x080001c3   Thumb Code     0  libinit2.o(.ARM.Collect$$libinit$$0000001B)
    __rt_lib_init_clock_1                    0x080001c3   Thumb Code     0  libinit2.o(.ARM.Collect$$libinit$$00000021)
    __rt_lib_init_cpp_1                      0x080001c3   Thumb Code     0  libinit2.o(.ARM.Collect$$libinit$$00000032)
    __rt_lib_init_exceptions_1               0x080001c3   Thumb Code     0  libinit2.o(.ARM.Collect$$libinit$$00000030)
    __rt_lib_init_fp_trap_1                  0x080001c3   Thumb Code     0  libinit2.o(.ARM.Collect$$libinit$$0000001F)
    __rt_lib_init_getenv_1                   0x080001c3   Thumb Code     0  libinit2.o(.ARM.Collect$$libinit$$00000023)
    __rt_lib_init_lc_ctype_1                 0x080001c3   Thumb Code     0  libinit2.o(.ARM.Collect$$libinit$$00000013)
    __rt_lib_init_lc_monetary_1              0x080001c3   Thumb Code     0  libinit2.o(.ARM.Collect$$libinit$$00000015)
    __rt_lib_init_lc_numeric_1               0x080001c3   Thumb Code     0  libinit2.o(.ARM.Collect$$libinit$$00000017)
    __rt_lib_init_lc_time_1                  0x080001c3   Thumb Code     0  libinit2.o(.ARM.Collect$$libinit$$00000019)
    __rt_lib_init_return                     0x080001c3   Thumb Code     0  libinit2.o(.ARM.Collect$$libinit$$00000033)
    __rt_lib_init_signal_1                   0x080001c3   Thumb Code     0  libinit2.o(.ARM.Collect$$libinit$$0000001D)
    __rt_lib_init_stdio_1                    0x080001c3   Thumb Code     0  libinit2.o(.ARM.Collect$$libinit$$00000025)
    __rt_lib_shutdown                        0x080001c5   Thumb Code     0  libshutdown.o(.ARM.Collect$$libshutdown$$00000000)
    __rt_lib_shutdown_cpp_1                  0x080001c7   Thumb Code     0  libshutdown2.o(.ARM.Collect$$libshutdown$$00000004)
    __rt_lib_shutdown_fini_1                 0x080001c7   Thumb Code     0  libshutdown2.o(.ARM.Collect$$libshutdown$$00000002)
    __rt_lib_shutdown_fp_trap_1              0x080001c7   Thumb Code     0  libshutdown2.o(.ARM.Collect$$libshutdown$$00000009)
    __rt_lib_shutdown_heap_1                 0x080001c7   Thumb Code     0  libshutdown2.o(.ARM.Collect$$libshutdown$$00000011)
    __rt_lib_shutdown_return                 0x080001c7   Thumb Code     0  libshutdown2.o(.ARM.Collect$$libshutdown$$00000012)
    __rt_lib_shutdown_signal_1               0x080001c7   Thumb Code     0  libshutdown2.o(.ARM.Collect$$libshutdown$$0000000C)
    __rt_lib_shutdown_stdio_1                0x080001c7   Thumb Code     0  libshutdown2.o(.ARM.Collect$$libshutdown$$00000006)
    __rt_lib_shutdown_user_alloc_1           0x080001c7   Thumb Code     0  libshutdown2.o(.ARM.Collect$$libshutdown$$0000000E)
    __rt_entry                               0x080001c9   Thumb Code     0  __rtentry.o(.ARM.Collect$$rtentry$$00000000)
    __rt_entry_presh_1                       0x080001c9   Thumb Code     0  __rtentry2.o(.ARM.Collect$$rtentry$$00000002)
    __rt_entry_sh                            0x080001c9   Thumb Code     0  __rtentry4.o(.ARM.Collect$$rtentry$$00000004)
    __rt_entry_li                            0x080001cf   Thumb Code     0  __rtentry2.o(.ARM.Collect$$rtentry$$0000000A)
    __rt_entry_postsh_1                      0x080001cf   Thumb Code     0  __rtentry2.o(.ARM.Collect$$rtentry$$00000009)
    __rt_entry_main                          0x080001d3   Thumb Code     0  __rtentry2.o(.ARM.Collect$$rtentry$$0000000D)
    __rt_entry_postli_1                      0x080001d3   Thumb Code     0  __rtentry2.o(.ARM.Collect$$rtentry$$0000000C)
    __rt_exit                                0x080001db   Thumb Code     0  rtexit.o(.ARM.Collect$$rtexit$$00000000)
    __rt_exit_ls                             0x080001dd   Thumb Code     0  rtexit2.o(.ARM.Collect$$rtexit$$00000003)
    __rt_exit_prels_1                        0x080001dd   Thumb Code     0  rtexit2.o(.ARM.Collect$$rtexit$$00000002)
    __rt_exit_exit                           0x080001e1   Thumb Code     0  rtexit2.o(.ARM.Collect$$rtexit$$00000004)
    NMI_Handler                              0x080001e7   Thumb Code     2  stm32f10x_it.o(.text)
    HardFault_Handler                        0x080001e9   Thumb Code     4  stm32f10x_it.o(.text)
    MemManage_Handler                        0x080001ed   Thumb Code     4  stm32f10x_it.o(.text)
    BusFault_Handler                         0x080001f1   Thumb Code     4  stm32f10x_it.o(.text)
    UsageFault_Handler                       0x080001f5   Thumb Code     4  stm32f10x_it.o(.text)
    SVC_Handler                              0x080001f9   Thumb Code     2  stm32f10x_it.o(.text)
    DebugMon_Handler                         0x080001fb   Thumb Code     2  stm32f10x_it.o(.text)
    PendSV_Handler                           0x080001fd   Thumb Code     2  stm32f10x_it.o(.text)
    SystemInit                               0x080002df   Thumb Code    78  system_stm32f10x.o(.text)
    SystemCoreClockUpdate                    0x0800032d   Thumb Code   142  system_stm32f10x.o(.text)
    GPIO_DeInit                              0x080003e1   Thumb Code   172  stm32f10x_gpio.o(.text)
    GPIO_AFIODeInit                          0x0800048d   Thumb Code    20  stm32f10x_gpio.o(.text)
    GPIO_Init                                0x080004a1   Thumb Code   278  stm32f10x_gpio.o(.text)
    GPIO_StructInit                          0x080005b7   Thumb Code    16  stm32f10x_gpio.o(.text)
    GPIO_ReadInputDataBit                    0x080005c7   Thumb Code    18  stm32f10x_gpio.o(.text)
    GPIO_ReadInputData                       0x080005d9   Thumb Code     8  stm32f10x_gpio.o(.text)
    GPIO_ReadOutputDataBit                   0x080005e1   Thumb Code    18  stm32f10x_gpio.o(.text)
    GPIO_ReadOutputData                      0x080005f3   Thumb Code     8  stm32f10x_gpio.o(.text)
    GPIO_SetBits                             0x080005fb   Thumb Code     4  stm32f10x_gpio.o(.text)
    GPIO_ResetBits                           0x080005ff   Thumb Code     4  stm32f10x_gpio.o(.text)
    GPIO_WriteBit                            0x08000603   Thumb Code    10  stm32f10x_gpio.o(.text)
    GPIO_Write                               0x0800060d   Thumb Code     4  stm32f10x_gpio.o(.text)
    GPIO_PinLockConfig                       0x08000611   Thumb Code    18  stm32f10x_gpio.o(.text)
    GPIO_EventOutputConfig                   0x08000623   Thumb Code    26  stm32f10x_gpio.o(.text)
    GPIO_EventOutputCmd                      0x0800063d   Thumb Code     6  stm32f10x_gpio.o(.text)
    GPIO_PinRemapConfig                      0x08000643   Thumb Code   138  stm32f10x_gpio.o(.text)
    GPIO_EXTILineConfig                      0x080006cd   Thumb Code    66  stm32f10x_gpio.o(.text)
    GPIO_ETH_MediaInterfaceConfig            0x0800070f   Thumb Code     8  stm32f10x_gpio.o(.text)
    RCC_DeInit                               0x0800073d   Thumb Code    64  stm32f10x_rcc.o(.text)
    RCC_HSEConfig                            0x0800077d   Thumb Code    70  stm32f10x_rcc.o(.text)
    RCC_GetFlagStatus                        0x080007c3   Thumb Code    56  stm32f10x_rcc.o(.text)
    RCC_WaitForHSEStartUp                    0x080007fb   Thumb Code    56  stm32f10x_rcc.o(.text)
    RCC_AdjustHSICalibrationValue            0x08000833   Thumb Code    20  stm32f10x_rcc.o(.text)
    RCC_HSICmd                               0x08000847   Thumb Code     6  stm32f10x_rcc.o(.text)
    RCC_PLLConfig                            0x0800084d   Thumb Code    24  stm32f10x_rcc.o(.text)
    RCC_PLLCmd                               0x08000865   Thumb Code     6  stm32f10x_rcc.o(.text)
    RCC_SYSCLKConfig                         0x0800086b   Thumb Code    18  stm32f10x_rcc.o(.text)
    RCC_GetSYSCLKSource                      0x0800087d   Thumb Code    10  stm32f10x_rcc.o(.text)
    RCC_HCLKConfig                           0x08000887   Thumb Code    18  stm32f10x_rcc.o(.text)
    RCC_PCLK1Config                          0x08000899   Thumb Code    18  stm32f10x_rcc.o(.text)
    RCC_PCLK2Config                          0x080008ab   Thumb Code    20  stm32f10x_rcc.o(.text)
    RCC_ITConfig                             0x080008bf   Thumb Code    26  stm32f10x_rcc.o(.text)
    RCC_USBCLKConfig                         0x080008d9   Thumb Code     8  stm32f10x_rcc.o(.text)
    RCC_ADCCLKConfig                         0x080008e1   Thumb Code    18  stm32f10x_rcc.o(.text)
    RCC_LSEConfig                            0x080008f3   Thumb Code    50  stm32f10x_rcc.o(.text)
    RCC_LSICmd                               0x08000925   Thumb Code     6  stm32f10x_rcc.o(.text)
    RCC_RTCCLKConfig                         0x0800092b   Thumb Code    12  stm32f10x_rcc.o(.text)
    RCC_RTCCLKCmd                            0x08000937   Thumb Code     8  stm32f10x_rcc.o(.text)
    RCC_GetClocksFreq                        0x0800093f   Thumb Code   192  stm32f10x_rcc.o(.text)
    RCC_AHBPeriphClockCmd                    0x080009ff   Thumb Code    26  stm32f10x_rcc.o(.text)
    RCC_APB2PeriphClockCmd                   0x08000a19   Thumb Code    26  stm32f10x_rcc.o(.text)
    RCC_APB1PeriphClockCmd                   0x08000a33   Thumb Code    26  stm32f10x_rcc.o(.text)
    RCC_APB2PeriphResetCmd                   0x08000a4d   Thumb Code    26  stm32f10x_rcc.o(.text)
    RCC_APB1PeriphResetCmd                   0x08000a67   Thumb Code    26  stm32f10x_rcc.o(.text)
    RCC_BackupResetCmd                       0x08000a81   Thumb Code     8  stm32f10x_rcc.o(.text)
    RCC_ClockSecuritySystemCmd               0x08000a89   Thumb Code     6  stm32f10x_rcc.o(.text)
    RCC_MCOConfig                            0x08000a8f   Thumb Code     6  stm32f10x_rcc.o(.text)
    RCC_ClearFlag                            0x08000a95   Thumb Code    14  stm32f10x_rcc.o(.text)
    RCC_GetITStatus                          0x08000aa3   Thumb Code    20  stm32f10x_rcc.o(.text)
    RCC_ClearITPendingBit                    0x08000ab7   Thumb Code     6  stm32f10x_rcc.o(.text)
    NVIC_PriorityGroupConfig                 0x08000ae1   Thumb Code    10  misc.o(.text)
    NVIC_Init                                0x08000aeb   Thumb Code   100  misc.o(.text)
    NVIC_SetVectorTable                      0x08000b4f   Thumb Code    14  misc.o(.text)
    NVIC_SystemLPConfig                      0x08000b5d   Thumb Code    34  misc.o(.text)
    SysTick_CLKSourceConfig                  0x08000b7f   Thumb Code    40  misc.o(.text)
    USART_DeInit                             0x08000bbd   Thumb Code   134  stm32f10x_usart.o(.text)
    USART_Init                               0x08000c43   Thumb Code   210  stm32f10x_usart.o(.text)
    USART_StructInit                         0x08000d15   Thumb Code    24  stm32f10x_usart.o(.text)
    USART_ClockInit                          0x08000d2d   Thumb Code    34  stm32f10x_usart.o(.text)
    USART_ClockStructInit                    0x08000d4f   Thumb Code    12  stm32f10x_usart.o(.text)
    USART_Cmd                                0x08000d5b   Thumb Code    24  stm32f10x_usart.o(.text)
    USART_ITConfig                           0x08000d73   Thumb Code    74  stm32f10x_usart.o(.text)
    USART_DMACmd                             0x08000dbd   Thumb Code    18  stm32f10x_usart.o(.text)
    USART_SetAddress                         0x08000dcf   Thumb Code    18  stm32f10x_usart.o(.text)
    USART_WakeUpConfig                       0x08000de1   Thumb Code    18  stm32f10x_usart.o(.text)
    USART_ReceiverWakeUpCmd                  0x08000df3   Thumb Code    24  stm32f10x_usart.o(.text)
    USART_LINBreakDetectLengthConfig         0x08000e0b   Thumb Code    18  stm32f10x_usart.o(.text)
    USART_LINCmd                             0x08000e1d   Thumb Code    24  stm32f10x_usart.o(.text)
    USART_SendData                           0x08000e35   Thumb Code     8  stm32f10x_usart.o(.text)
    USART_ReceiveData                        0x08000e3d   Thumb Code    10  stm32f10x_usart.o(.text)
    USART_SendBreak                          0x08000e47   Thumb Code    10  stm32f10x_usart.o(.text)
    USART_SetGuardTime                       0x08000e51   Thumb Code    16  stm32f10x_usart.o(.text)
    USART_SetPrescaler                       0x08000e61   Thumb Code    16  stm32f10x_usart.o(.text)
    USART_SmartCardCmd                       0x08000e71   Thumb Code    24  stm32f10x_usart.o(.text)
    USART_SmartCardNACKCmd                   0x08000e89   Thumb Code    24  stm32f10x_usart.o(.text)
    USART_HalfDuplexCmd                      0x08000ea1   Thumb Code    24  stm32f10x_usart.o(.text)
    USART_OverSampling8Cmd                   0x08000eb9   Thumb Code    22  stm32f10x_usart.o(.text)
    USART_OneBitMethodCmd                    0x08000ecf   Thumb Code    24  stm32f10x_usart.o(.text)
    USART_IrDAConfig                         0x08000ee7   Thumb Code    18  stm32f10x_usart.o(.text)
    USART_IrDACmd                            0x08000ef9   Thumb Code    24  stm32f10x_usart.o(.text)
    USART_GetFlagStatus                      0x08000f11   Thumb Code    26  stm32f10x_usart.o(.text)
    USART_ClearFlag                          0x08000f2b   Thumb Code    18  stm32f10x_usart.o(.text)
    USART_GetITStatus                        0x08000f3d   Thumb Code    84  stm32f10x_usart.o(.text)
    USART_ClearITPendingBit                  0x08000f91   Thumb Code    52  stm32f10x_usart.o(.text)
    TIM_DeInit                               0x08000fc5   Thumb Code   424  stm32f10x_tim.o(.text)
    TIM_TimeBaseInit                         0x0800116d   Thumb Code   122  stm32f10x_tim.o(.text)
    TIM_OC1Init                              0x080011e7   Thumb Code   132  stm32f10x_tim.o(.text)
    TIM_OC2Init                              0x0800126b   Thumb Code   154  stm32f10x_tim.o(.text)
    TIM_OC3Init                              0x08001305   Thumb Code   150  stm32f10x_tim.o(.text)
    TIM_OC4Init                              0x0800139b   Thumb Code   182  stm32f10x_tim.o(.text)
    TIM_SetIC4Prescaler                      0x08001451   Thumb Code    26  stm32f10x_tim.o(.text)
    TIM_SetIC3Prescaler                      0x080014ed   Thumb Code    18  stm32f10x_tim.o(.text)
    TIM_SetIC2Prescaler                      0x08001579   Thumb Code    26  stm32f10x_tim.o(.text)
    TIM_SetIC1Prescaler                      0x08001615   Thumb Code    18  stm32f10x_tim.o(.text)
    TIM_ICInit                               0x08001693   Thumb Code   150  stm32f10x_tim.o(.text)
    TIM_PWMIConfig                           0x08001729   Thumb Code   124  stm32f10x_tim.o(.text)
    TIM_BDTRConfig                           0x080017a5   Thumb Code    32  stm32f10x_tim.o(.text)
    TIM_TimeBaseStructInit                   0x080017c5   Thumb Code    18  stm32f10x_tim.o(.text)
    TIM_OCStructInit                         0x080017d7   Thumb Code    20  stm32f10x_tim.o(.text)
    TIM_ICStructInit                         0x080017eb   Thumb Code    18  stm32f10x_tim.o(.text)
    TIM_BDTRStructInit                       0x080017fd   Thumb Code    40  stm32f10x_tim.o(.text)
    TIM_Cmd                                  0x08001825   Thumb Code    24  stm32f10x_tim.o(.text)
    TIM_CtrlPWMOutputs                       0x0800183d   Thumb Code    30  stm32f10x_tim.o(.text)
    TIM_ITConfig                             0x0800185b   Thumb Code    18  stm32f10x_tim.o(.text)
    TIM_GenerateEvent                        0x0800186d   Thumb Code     4  stm32f10x_tim.o(.text)
    TIM_DMAConfig                            0x08001871   Thumb Code    10  stm32f10x_tim.o(.text)
    TIM_DMACmd                               0x0800187b   Thumb Code    18  stm32f10x_tim.o(.text)
    TIM_InternalClockConfig                  0x0800188d   Thumb Code    12  stm32f10x_tim.o(.text)
    TIM_SelectInputTrigger                   0x08001899   Thumb Code    18  stm32f10x_tim.o(.text)
    TIM_ITRxExternalClockConfig              0x080018ab   Thumb Code    24  stm32f10x_tim.o(.text)
    TIM_TIxExternalClockConfig               0x080018c3   Thumb Code    62  stm32f10x_tim.o(.text)
    TIM_ETRConfig                            0x08001901   Thumb Code    28  stm32f10x_tim.o(.text)
    TIM_ETRClockMode1Config                  0x0800191d   Thumb Code    54  stm32f10x_tim.o(.text)
    TIM_ETRClockMode2Config                  0x08001953   Thumb Code    32  stm32f10x_tim.o(.text)
    TIM_PrescalerConfig                      0x08001973   Thumb Code     6  stm32f10x_tim.o(.text)
    TIM_CounterModeConfig                    0x08001979   Thumb Code    18  stm32f10x_tim.o(.text)
    TIM_EncoderInterfaceConfig               0x0800198b   Thumb Code    66  stm32f10x_tim.o(.text)
    TIM_ForcedOC1Config                      0x080019cd   Thumb Code    18  stm32f10x_tim.o(.text)
    TIM_ForcedOC2Config                      0x080019df   Thumb Code    26  stm32f10x_tim.o(.text)
    TIM_ForcedOC3Config                      0x080019f9   Thumb Code    18  stm32f10x_tim.o(.text)
    TIM_ForcedOC4Config                      0x08001a0b   Thumb Code    26  stm32f10x_tim.o(.text)
    TIM_ARRPreloadConfig                     0x08001a25   Thumb Code    24  stm32f10x_tim.o(.text)
    TIM_SelectCOM                            0x08001a3d   Thumb Code    24  stm32f10x_tim.o(.text)
    TIM_SelectCCDMA                          0x08001a55   Thumb Code    24  stm32f10x_tim.o(.text)
    TIM_CCPreloadControl                     0x08001a6d   Thumb Code    24  stm32f10x_tim.o(.text)
    TIM_OC1PreloadConfig                     0x08001a85   Thumb Code    18  stm32f10x_tim.o(.text)
    TIM_OC2PreloadConfig                     0x08001a97   Thumb Code    26  stm32f10x_tim.o(.text)
    TIM_OC3PreloadConfig                     0x08001ab1   Thumb Code    18  stm32f10x_tim.o(.text)
    TIM_OC4PreloadConfig                     0x08001ac3   Thumb Code    26  stm32f10x_tim.o(.text)
    TIM_OC1FastConfig                        0x08001add   Thumb Code    18  stm32f10x_tim.o(.text)
    TIM_OC2FastConfig                        0x08001aef   Thumb Code    26  stm32f10x_tim.o(.text)
    TIM_OC3FastConfig                        0x08001b09   Thumb Code    18  stm32f10x_tim.o(.text)
    TIM_OC4FastConfig                        0x08001b1b   Thumb Code    26  stm32f10x_tim.o(.text)
    TIM_ClearOC1Ref                          0x08001b35   Thumb Code    18  stm32f10x_tim.o(.text)
    TIM_ClearOC2Ref                          0x08001b47   Thumb Code    24  stm32f10x_tim.o(.text)
    TIM_ClearOC3Ref                          0x08001b5f   Thumb Code    18  stm32f10x_tim.o(.text)
    TIM_ClearOC4Ref                          0x08001b71   Thumb Code    24  stm32f10x_tim.o(.text)
    TIM_OC1PolarityConfig                    0x08001b89   Thumb Code    18  stm32f10x_tim.o(.text)
    TIM_OC1NPolarityConfig                   0x08001b9b   Thumb Code    18  stm32f10x_tim.o(.text)
    TIM_OC2PolarityConfig                    0x08001bad   Thumb Code    26  stm32f10x_tim.o(.text)
    TIM_OC2NPolarityConfig                   0x08001bc7   Thumb Code    26  stm32f10x_tim.o(.text)
    TIM_OC3PolarityConfig                    0x08001be1   Thumb Code    26  stm32f10x_tim.o(.text)
    TIM_OC3NPolarityConfig                   0x08001bfb   Thumb Code    26  stm32f10x_tim.o(.text)
    TIM_OC4PolarityConfig                    0x08001c15   Thumb Code    26  stm32f10x_tim.o(.text)
    TIM_CCxCmd                               0x08001c2f   Thumb Code    30  stm32f10x_tim.o(.text)
    TIM_CCxNCmd                              0x08001c4d   Thumb Code    30  stm32f10x_tim.o(.text)
    TIM_SelectOCxM                           0x08001c6b   Thumb Code    82  stm32f10x_tim.o(.text)
    TIM_UpdateDisableConfig                  0x08001cbd   Thumb Code    24  stm32f10x_tim.o(.text)
    TIM_UpdateRequestConfig                  0x08001cd5   Thumb Code    24  stm32f10x_tim.o(.text)
    TIM_SelectHallSensor                     0x08001ced   Thumb Code    24  stm32f10x_tim.o(.text)
    TIM_SelectOnePulseMode                   0x08001d05   Thumb Code    18  stm32f10x_tim.o(.text)
    TIM_SelectOutputTrigger                  0x08001d17   Thumb Code    18  stm32f10x_tim.o(.text)
    TIM_SelectSlaveMode                      0x08001d29   Thumb Code    18  stm32f10x_tim.o(.text)
    TIM_SelectMasterSlaveMode                0x08001d3b   Thumb Code    18  stm32f10x_tim.o(.text)
    TIM_SetCounter                           0x08001d4d   Thumb Code     4  stm32f10x_tim.o(.text)
    TIM_SetAutoreload                        0x08001d51   Thumb Code     4  stm32f10x_tim.o(.text)
    TIM_SetCompare1                          0x08001d55   Thumb Code     4  stm32f10x_tim.o(.text)
    TIM_SetCompare2                          0x08001d59   Thumb Code     4  stm32f10x_tim.o(.text)
    TIM_SetCompare3                          0x08001d5d   Thumb Code     4  stm32f10x_tim.o(.text)
    TIM_SetCompare4                          0x08001d61   Thumb Code     6  stm32f10x_tim.o(.text)
    TIM_SetClockDivision                     0x08001d67   Thumb Code    18  stm32f10x_tim.o(.text)
    TIM_GetCapture1                          0x08001d79   Thumb Code     6  stm32f10x_tim.o(.text)
    TIM_GetCapture2                          0x08001d7f   Thumb Code     6  stm32f10x_tim.o(.text)
    TIM_GetCapture3                          0x08001d85   Thumb Code     6  stm32f10x_tim.o(.text)
    TIM_GetCapture4                          0x08001d8b   Thumb Code     8  stm32f10x_tim.o(.text)
    TIM_GetCounter                           0x08001d93   Thumb Code     6  stm32f10x_tim.o(.text)
    TIM_GetPrescaler                         0x08001d99   Thumb Code     6  stm32f10x_tim.o(.text)
    TIM_GetFlagStatus                        0x08001d9f   Thumb Code    18  stm32f10x_tim.o(.text)
    TIM_ClearFlag                            0x08001db1   Thumb Code     6  stm32f10x_tim.o(.text)
    TIM_GetITStatus                          0x08001db7   Thumb Code    34  stm32f10x_tim.o(.text)
    TIM_ClearITPendingBit                    0x08001dd9   Thumb Code     6  stm32f10x_tim.o(.text)
    SPI_I2S_DeInit                           0x08001de1   Thumb Code    76  stm32f10x_spi.o(.text)
    SPI_Init                                 0x08001e2d   Thumb Code    60  stm32f10x_spi.o(.text)
    I2S_Init                                 0x08001e69   Thumb Code   226  stm32f10x_spi.o(.text)
    SPI_StructInit                           0x08001f4b   Thumb Code    24  stm32f10x_spi.o(.text)
    I2S_StructInit                           0x08001f63   Thumb Code    20  stm32f10x_spi.o(.text)
    SPI_Cmd                                  0x08001f77   Thumb Code    24  stm32f10x_spi.o(.text)
    I2S_Cmd                                  0x08001f8f   Thumb Code    24  stm32f10x_spi.o(.text)
    SPI_I2S_ITConfig                         0x08001fa7   Thumb Code    32  stm32f10x_spi.o(.text)
    SPI_I2S_DMACmd                           0x08001fc7   Thumb Code    18  stm32f10x_spi.o(.text)
    SPI_I2S_SendData                         0x08001fd9   Thumb Code     4  stm32f10x_spi.o(.text)
    SPI_I2S_ReceiveData                      0x08001fdd   Thumb Code     6  stm32f10x_spi.o(.text)
    SPI_NSSInternalSoftwareConfig            0x08001fe3   Thumb Code    30  stm32f10x_spi.o(.text)
    SPI_SSOutputCmd                          0x08002001   Thumb Code    24  stm32f10x_spi.o(.text)
    SPI_DataSizeConfig                       0x08002019   Thumb Code    18  stm32f10x_spi.o(.text)
    SPI_TransmitCRC                          0x0800202b   Thumb Code    10  stm32f10x_spi.o(.text)
    SPI_CalculateCRC                         0x08002035   Thumb Code    24  stm32f10x_spi.o(.text)
    SPI_GetCRC                               0x0800204d   Thumb Code    16  stm32f10x_spi.o(.text)
    SPI_GetCRCPolynomial                     0x0800205d   Thumb Code     6  stm32f10x_spi.o(.text)
    SPI_BiDirectionalLineConfig              0x08002063   Thumb Code    28  stm32f10x_spi.o(.text)
    SPI_I2S_GetFlagStatus                    0x0800207f   Thumb Code    18  stm32f10x_spi.o(.text)
    SPI_I2S_ClearFlag                        0x08002091   Thumb Code     6  stm32f10x_spi.o(.text)
    SPI_I2S_GetITStatus                      0x08002097   Thumb Code    52  stm32f10x_spi.o(.text)
    SPI_I2S_ClearITPendingBit                0x080020cb   Thumb Code    20  stm32f10x_spi.o(.text)
    ADC_DeInit                               0x080020ed   Thumb Code    78  stm32f10x_adc.o(.text)
    ADC_Init                                 0x0800213b   Thumb Code    70  stm32f10x_adc.o(.text)
    ADC_StructInit                           0x08002181   Thumb Code    18  stm32f10x_adc.o(.text)
    ADC_Cmd                                  0x08002193   Thumb Code    22  stm32f10x_adc.o(.text)
    ADC_DMACmd                               0x080021a9   Thumb Code    22  stm32f10x_adc.o(.text)
    ADC_ITConfig                             0x080021bf   Thumb Code    24  stm32f10x_adc.o(.text)
    ADC_ResetCalibration                     0x080021d7   Thumb Code    10  stm32f10x_adc.o(.text)
    ADC_GetResetCalibrationStatus            0x080021e1   Thumb Code    20  stm32f10x_adc.o(.text)
    ADC_StartCalibration                     0x080021f5   Thumb Code    10  stm32f10x_adc.o(.text)
    ADC_GetCalibrationStatus                 0x080021ff   Thumb Code    20  stm32f10x_adc.o(.text)
    ADC_SoftwareStartConvCmd                 0x08002213   Thumb Code    22  stm32f10x_adc.o(.text)
    ADC_GetSoftwareStartConvStatus           0x08002229   Thumb Code    20  stm32f10x_adc.o(.text)
    ADC_DiscModeChannelCountConfig           0x0800223d   Thumb Code    24  stm32f10x_adc.o(.text)
    ADC_DiscModeCmd                          0x08002255   Thumb Code    22  stm32f10x_adc.o(.text)
    ADC_RegularChannelConfig                 0x0800226b   Thumb Code   184  stm32f10x_adc.o(.text)
    ADC_ExternalTrigConvCmd                  0x08002323   Thumb Code    22  stm32f10x_adc.o(.text)
    ADC_GetConversionValue                   0x08002339   Thumb Code     8  stm32f10x_adc.o(.text)
    ADC_GetDualModeConversionValue           0x08002341   Thumb Code     8  stm32f10x_adc.o(.text)
    ADC_AutoInjectedConvCmd                  0x08002349   Thumb Code    22  stm32f10x_adc.o(.text)
    ADC_InjectedDiscModeCmd                  0x0800235f   Thumb Code    22  stm32f10x_adc.o(.text)
    ADC_ExternalTrigInjectedConvConfig       0x08002375   Thumb Code    16  stm32f10x_adc.o(.text)
    ADC_ExternalTrigInjectedConvCmd          0x08002385   Thumb Code    22  stm32f10x_adc.o(.text)
    ADC_SoftwareStartInjectedConvCmd         0x0800239b   Thumb Code    22  stm32f10x_adc.o(.text)
    ADC_GetSoftwareStartInjectedConvCmdStatus 0x080023b1   Thumb Code    20  stm32f10x_adc.o(.text)
    ADC_InjectedChannelConfig                0x080023c5   Thumb Code   130  stm32f10x_adc.o(.text)
    ADC_InjectedSequencerLengthConfig        0x08002447   Thumb Code    24  stm32f10x_adc.o(.text)
    ADC_SetInjectedOffset                    0x0800245f   Thumb Code    20  stm32f10x_adc.o(.text)
    ADC_GetInjectedConversionValue           0x08002473   Thumb Code    28  stm32f10x_adc.o(.text)
    ADC_AnalogWatchdogCmd                    0x0800248f   Thumb Code    16  stm32f10x_adc.o(.text)
    ADC_AnalogWatchdogThresholdsConfig       0x0800249f   Thumb Code     6  stm32f10x_adc.o(.text)
    ADC_AnalogWatchdogSingleChannelConfig    0x080024a5   Thumb Code    16  stm32f10x_adc.o(.text)
    ADC_TempSensorVrefintCmd                 0x080024b5   Thumb Code    64  stm32f10x_adc.o(.text)
    ADC_GetFlagStatus                        0x080024f5   Thumb Code    18  stm32f10x_adc.o(.text)
    ADC_ClearFlag                            0x08002507   Thumb Code     6  stm32f10x_adc.o(.text)
    ADC_GetITStatus                          0x0800250d   Thumb Code    36  stm32f10x_adc.o(.text)
    ADC_ClearITPendingBit                    0x08002531   Thumb Code    10  stm32f10x_adc.o(.text)
    DMA_DeInit                               0x0800253d   Thumb Code   324  stm32f10x_dma.o(.text)
    DMA_Init                                 0x08002681   Thumb Code    60  stm32f10x_dma.o(.text)
    DMA_StructInit                           0x080026bd   Thumb Code    26  stm32f10x_dma.o(.text)
    DMA_Cmd                                  0x080026d7   Thumb Code    24  stm32f10x_dma.o(.text)
    DMA_ITConfig                             0x080026ef   Thumb Code    18  stm32f10x_dma.o(.text)
    DMA_SetCurrDataCounter                   0x08002701   Thumb Code     4  stm32f10x_dma.o(.text)
    DMA_GetCurrDataCounter                   0x08002705   Thumb Code     8  stm32f10x_dma.o(.text)
    DMA_GetFlagStatus                        0x0800270d   Thumb Code    40  stm32f10x_dma.o(.text)
    DMA_ClearFlag                            0x08002735   Thumb Code    22  stm32f10x_dma.o(.text)
    DMA_GetITStatus                          0x0800274b   Thumb Code    40  stm32f10x_dma.o(.text)
    DMA_ClearITPendingBit                    0x08002773   Thumb Code    22  stm32f10x_dma.o(.text)
    Reset_Handler                            0x08002791   Thumb Code     8  startup_stm32f10x_hd.o(.text)
    ADC1_2_IRQHandler                        0x080027ab   Thumb Code     0  startup_stm32f10x_hd.o(.text)
    ADC3_IRQHandler                          0x080027ab   Thumb Code     0  startup_stm32f10x_hd.o(.text)
    CAN1_RX1_IRQHandler                      0x080027ab   Thumb Code     0  startup_stm32f10x_hd.o(.text)
    CAN1_SCE_IRQHandler                      0x080027ab   Thumb Code     0  startup_stm32f10x_hd.o(.text)
    DMA1_Channel1_IRQHandler                 0x080027ab   Thumb Code     0  startup_stm32f10x_hd.o(.text)
    DMA1_Channel2_IRQHandler                 0x080027ab   Thumb Code     0  startup_stm32f10x_hd.o(.text)
    DMA1_Channel3_IRQHandler                 0x080027ab   Thumb Code     0  startup_stm32f10x_hd.o(.text)
    DMA1_Channel4_IRQHandler                 0x080027ab   Thumb Code     0  startup_stm32f10x_hd.o(.text)
    DMA1_Channel5_IRQHandler                 0x080027ab   Thumb Code     0  startup_stm32f10x_hd.o(.text)
    DMA1_Channel6_IRQHandler                 0x080027ab   Thumb Code     0  startup_stm32f10x_hd.o(.text)
    DMA1_Channel7_IRQHandler                 0x080027ab   Thumb Code     0  startup_stm32f10x_hd.o(.text)
    DMA2_Channel1_IRQHandler                 0x080027ab   Thumb Code     0  startup_stm32f10x_hd.o(.text)
    DMA2_Channel2_IRQHandler                 0x080027ab   Thumb Code     0  startup_stm32f10x_hd.o(.text)
    DMA2_Channel3_IRQHandler                 0x080027ab   Thumb Code     0  startup_stm32f10x_hd.o(.text)
    DMA2_Channel4_5_IRQHandler               0x080027ab   Thumb Code     0  startup_stm32f10x_hd.o(.text)
    EXTI0_IRQHandler                         0x080027ab   Thumb Code     0  startup_stm32f10x_hd.o(.text)
    EXTI15_10_IRQHandler                     0x080027ab   Thumb Code     0  startup_stm32f10x_hd.o(.text)
    EXTI1_IRQHandler                         0x080027ab   Thumb Code     0  startup_stm32f10x_hd.o(.text)
    EXTI2_IRQHandler                         0x080027ab   Thumb Code     0  startup_stm32f10x_hd.o(.text)
    EXTI3_IRQHandler                         0x080027ab   Thumb Code     0  startup_stm32f10x_hd.o(.text)
    EXTI4_IRQHandler                         0x080027ab   Thumb Code     0  startup_stm32f10x_hd.o(.text)
    EXTI9_5_IRQHandler                       0x080027ab   Thumb Code     0  startup_stm32f10x_hd.o(.text)
    FLASH_IRQHandler                         0x080027ab   Thumb Code     0  startup_stm32f10x_hd.o(.text)
    FSMC_IRQHandler                          0x080027ab   Thumb Code     0  startup_stm32f10x_hd.o(.text)
    I2C1_ER_IRQHandler                       0x080027ab   Thumb Code     0  startup_stm32f10x_hd.o(.text)
    I2C1_EV_IRQHandler                       0x080027ab   Thumb Code     0  startup_stm32f10x_hd.o(.text)
    I2C2_ER_IRQHandler                       0x080027ab   Thumb Code     0  startup_stm32f10x_hd.o(.text)
    I2C2_EV_IRQHandler                       0x080027ab   Thumb Code     0  startup_stm32f10x_hd.o(.text)
    PVD_IRQHandler                           0x080027ab   Thumb Code     0  startup_stm32f10x_hd.o(.text)
    RCC_IRQHandler                           0x080027ab   Thumb Code     0  startup_stm32f10x_hd.o(.text)
    RTCAlarm_IRQHandler                      0x080027ab   Thumb Code     0  startup_stm32f10x_hd.o(.text)
    RTC_IRQHandler                           0x080027ab   Thumb Code     0  startup_stm32f10x_hd.o(.text)
    SDIO_IRQHandler                          0x080027ab   Thumb Code     0  startup_stm32f10x_hd.o(.text)
    SPI1_IRQHandler                          0x080027ab   Thumb Code     0  startup_stm32f10x_hd.o(.text)
    SPI2_IRQHandler                          0x080027ab   Thumb Code     0  startup_stm32f10x_hd.o(.text)
    SPI3_IRQHandler                          0x080027ab   Thumb Code     0  startup_stm32f10x_hd.o(.text)
    TAMPER_IRQHandler                        0x080027ab   Thumb Code     0  startup_stm32f10x_hd.o(.text)
    TIM1_BRK_IRQHandler                      0x080027ab   Thumb Code     0  startup_stm32f10x_hd.o(.text)
    TIM1_TRG_COM_IRQHandler                  0x080027ab   Thumb Code     0  startup_stm32f10x_hd.o(.text)
    TIM4_IRQHandler                          0x080027ab   Thumb Code     0  startup_stm32f10x_hd.o(.text)
    TIM5_IRQHandler                          0x080027ab   Thumb Code     0  startup_stm32f10x_hd.o(.text)
    TIM6_IRQHandler                          0x080027ab   Thumb Code     0  startup_stm32f10x_hd.o(.text)
    TIM7_IRQHandler                          0x080027ab   Thumb Code     0  startup_stm32f10x_hd.o(.text)
    TIM8_BRK_IRQHandler                      0x080027ab   Thumb Code     0  startup_stm32f10x_hd.o(.text)
    TIM8_CC_IRQHandler                       0x080027ab   Thumb Code     0  startup_stm32f10x_hd.o(.text)
    TIM8_TRG_COM_IRQHandler                  0x080027ab   Thumb Code     0  startup_stm32f10x_hd.o(.text)
    TIM8_UP_IRQHandler                       0x080027ab   Thumb Code     0  startup_stm32f10x_hd.o(.text)
    UART4_IRQHandler                         0x080027ab   Thumb Code     0  startup_stm32f10x_hd.o(.text)
    UART5_IRQHandler                         0x080027ab   Thumb Code     0  startup_stm32f10x_hd.o(.text)
    USART2_IRQHandler                        0x080027ab   Thumb Code     0  startup_stm32f10x_hd.o(.text)
    USBWakeUp_IRQHandler                     0x080027ab   Thumb Code     0  startup_stm32f10x_hd.o(.text)
    USB_HP_CAN1_TX_IRQHandler                0x080027ab   Thumb Code     0  startup_stm32f10x_hd.o(.text)
    USB_LP_CAN1_RX0_IRQHandler               0x080027ab   Thumb Code     0  startup_stm32f10x_hd.o(.text)
    WWDG_IRQHandler                          0x080027ab   Thumb Code     0  startup_stm32f10x_hd.o(.text)
    __user_initial_stackheap                 0x080027ad   Thumb Code     0  startup_stm32f10x_hd.o(.text)
    rewrite_eeprom                           0x080027d1   Thumb Code    34  z_main.o(.text)
    loop_monitor                             0x080027f3   Thumb Code    48  z_main.o(.text)
    parse_action                             0x08002823   Thumb Code  1044  z_main.o(.text)
    getMaxTime                               0x08002c37   Thumb Code    92  z_main.o(.text)
    do_group_once                            0x08002c93   Thumb Code    70  z_main.o(.text)
    loop_action                              0x08002cd9   Thumb Code   206  z_main.o(.text)
    replace_char                             0x08002da7   Thumb Code    20  z_main.o(.text)
    get_action_index                         0x08002dbb   Thumb Code    60  z_main.o(.text)
    save_action                              0x08002df7   Thumb Code   272  z_main.o(.text)
    car_set1                                 0x08002f07   Thumb Code    54  z_main.o(.text)
    car_set                                  0x08002f3d   Thumb Code    54  z_main.o(.text)
    int_exchange                             0x08002f73   Thumb Code    10  z_main.o(.text)
    print_group                              0x08002f7d   Thumb Code    94  z_main.o(.text)
    soft_reset                               0x08002fdb   Thumb Code   326  z_main.o(.text)
    parse_cmd                                0x08003121   Thumb Code  1764  z_main.o(.text)
    loop_uart                                0x08003805   Thumb Code    94  z_main.o(.text)
    loop_nled                                0x08003863   Thumb Code    62  z_main.o(.text)
    setup_interrupt                          0x080038a1   Thumb Code     4  z_main.o(.text)
    setup_start                              0x080038a5   Thumb Code   150  z_main.o(.text)
    setup_dj_timer                           0x0800393b   Thumb Code    14  z_main.o(.text)
    setup_others                             0x08003949   Thumb Code   214  z_main.o(.text)
    setup_uart3                              0x08003a1f   Thumb Code    30  z_main.o(.text)
    setup_uart1                              0x08003a3d   Thumb Code    30  z_main.o(.text)
    setup_systick                            0x08003a5b   Thumb Code     8  z_main.o(.text)
    setup_w25q64                             0x08003a63   Thumb Code   460  z_main.o(.text)
    setup_djio                               0x08003c2f   Thumb Code     8  z_main.o(.text)
    setup_beep                               0x08003c37   Thumb Code    16  z_main.o(.text)
    setup_nled                               0x08003c47   Thumb Code    16  z_main.o(.text)
    setup_gpio                               0x08003c57   Thumb Code     8  z_main.o(.text)
    setup_global                             0x08003c5f   Thumb Code     8  z_main.o(.text)
    setup_rcc                                0x08003c67   Thumb Code     8  z_main.o(.text)
    main                                     0x08003c6f   Thumb Code    84  z_main.o(.text)
    setup_adc                                0x08003cc3   Thumb Code     8  z_main.o(.text)
    tb_delay_init                            0x08003cd9   Thumb Code     2  z_delay.o(.text)
    tb_delay                                 0x08003cdb   Thumb Code    14  z_delay.o(.text)
    tb_delay_ns                              0x08003ce9   Thumb Code    14  z_delay.o(.text)
    tb_delay_us                              0x08003cf7   Thumb Code    24  z_delay.o(.text)
    tb_delay_ms                              0x08003d0f   Thumb Code    26  z_delay.o(.text)
    tb_global_init                           0x08003d29   Thumb Code    46  z_global.o(.text)
    str_contain_str                          0x08003d57   Thumb Code    74  z_global.o(.text)
    selection_sort                           0x08003da1   Thumb Code    64  z_global.o(.text)
    abs_int                                  0x08003de1   Thumb Code    14  z_global.o(.text)
    tb_gpio_init                             0x08003df9   Thumb Code    20  z_gpio.o(.text)
    nled_init                                0x08003e0d   Thumb Code    40  z_gpio.o(.text)
    gpioB_pin_set                            0x08003e35   Thumb Code    36  z_gpio.o(.text)
    nled_switch                              0x08003e59   Thumb Code    38  z_gpio.o(.text)
    beep_init                                0x08003e7f   Thumb Code    38  z_gpio.o(.text)
    beep_times                               0x08003ea5   Thumb Code    62  z_gpio.o(.text)
    gpioA_pin_set                            0x08003ee3   Thumb Code    36  z_gpio.o(.text)
    gpioC_pin_set                            0x08003f07   Thumb Code    36  z_gpio.o(.text)
    dj_io_init                               0x08003f2b   Thumb Code    68  z_gpio.o(.text)
    dj_io_set                                0x08003f6f   Thumb Code    86  z_gpio.o(.text)
    sensor_init                              0x08003fc5   Thumb Code    54  z_gpio.o(.text)
    beep_on_times                            0x08003ffb   Thumb Code    46  z_gpio.o(.text)
    tb_rcc_init                              0x0800403d   Thumb Code    94  z_rcc.o(.text)
    _abs                                     0x0800409d   Thumb Code    24  z_timer.o(.text)
    SysTick_Int_Init                         0x080040b5   Thumb Code    24  z_timer.o(.text)
    SysTick_Handler                          0x080040cd   Thumb Code    20  z_timer.o(.text)
    millis                                   0x080040e1   Thumb Code     6  z_timer.o(.text)
    TIM1_Int_Init                            0x080040e7   Thumb Code   104  z_timer.o(.text)
    TIM2_Int_Init                            0x0800414f   Thumb Code   102  z_timer.o(.text)
    TIM3_Int_Init                            0x080041b5   Thumb Code    96  z_timer.o(.text)
    TIM3_Pwm_Init                            0x08004215   Thumb Code   146  z_timer.o(.text)
    TIM4_Pwm_Init                            0x080042a7   Thumb Code   148  z_timer.o(.text)
    abs_float                                0x0800433b   Thumb Code    24  z_timer.o(.text)
    duoji_inc_handle                         0x08004353   Thumb Code   176  z_timer.o(.text)
    TIM2_IRQHandler                          0x08004403   Thumb Code   148  z_timer.o(.text)
    TIM3_IRQHandler                          0x08004497   Thumb Code    58  z_timer.o(.text)
    timer1_ir_init                           0x080044d1   Thumb Code   204  z_timer.o(.text)
    TIM1_UP_IRQHandler                       0x0800459d   Thumb Code    92  z_timer.o(.text)
    TIM1_CC_IRQHandler                       0x080045f9   Thumb Code   720  z_timer.o(.text)
    tb_usart1_init                           0x08004905   Thumb Code   196  z_usart.o(.text)
    tb_usart3_init                           0x080049c9   Thumb Code   160  z_usart.o(.text)
    tb_usart1_send_byte                      0x08004a69   Thumb Code    14  z_usart.o(.text)
    tb_usart1_send_nbyte                     0x08004a77   Thumb Code    44  z_usart.o(.text)
    tb_usart1_send_str                       0x08004aa3   Thumb Code    38  z_usart.o(.text)
    tb_usart3_send_byte                      0x08004ac9   Thumb Code    14  z_usart.o(.text)
    tb_usart3_send_nbyte                     0x08004ad7   Thumb Code    44  z_usart.o(.text)
    tb_usart3_send_str                       0x08004b03   Thumb Code    38  z_usart.o(.text)
    USART1_IRQHandler                        0x08004b29   Thumb Code   276  z_usart.o(.text)
    USART3_IRQHandler                        0x08004c3d   Thumb Code   310  z_usart.o(.text)
    uart1_send_str                           0x08004d73   Thumb Code    12  z_usart.o(.text)
    uart1_send_nbyte                         0x08004d7f   Thumb Code    16  z_usart.o(.text)
    uart1_send_byte                          0x08004d8f   Thumb Code    12  z_usart.o(.text)
    zx_uart_send_str                         0x08004d9b   Thumb Code    30  z_usart.o(.text)
    uart3_send_str                           0x08004db9   Thumb Code    12  z_usart.o(.text)
    uart3_send_nbyte                         0x08004dc5   Thumb Code    16  z_usart.o(.text)
    uart3_send_byte                          0x08004dd5   Thumb Code    12  z_usart.o(.text)
    SpiWriteRead                             0x08004df1   Thumb Code    78  z_w25q64.o(.text)
    spiFlahsOn                               0x08004e3f   Thumb Code    82  z_w25q64.o(.text)
    ws_delay_us                              0x08004e91   Thumb Code    30  z_w25q64.o(.text)
    SpiSetSpeedHigh                          0x08004eaf   Thumb Code    24  z_w25q64.o(.text)
    SpiFlashInit                             0x08004ec7   Thumb Code   176  z_w25q64.o(.text)
    SpiSetSpeedLow                           0x08004f77   Thumb Code    24  z_w25q64.o(.text)
    SpiFlashReadID                           0x08004f8f   Thumb Code    72  z_w25q64.o(.text)
    SpiFlashReadSR                           0x08004fd7   Thumb Code    44  z_w25q64.o(.text)
    SpiFlashWriteSR                          0x08005003   Thumb Code    40  z_w25q64.o(.text)
    SpiFlashWriteEnable                      0x0800502b   Thumb Code    32  z_w25q64.o(.text)
    SpiFlashWriteDisable                     0x0800504b   Thumb Code    32  z_w25q64.o(.text)
    SpiFlashReadChar                         0x0800506b   Thumb Code    70  z_w25q64.o(.text)
    SpiFlashRead                             0x080050b1   Thumb Code    84  z_w25q64.o(.text)
    SpiFlashWaitBusy                         0x08005105   Thumb Code    18  z_w25q64.o(.text)
    SpiFlashWritePage                        0x08005117   Thumb Code   102  z_w25q64.o(.text)
    SpiFlashWriteNoCheck                     0x0800517d   Thumb Code    70  z_w25q64.o(.text)
    SpiFlashEraseSector                      0x080051c3   Thumb Code    92  z_w25q64.o(.text)
    SpiFlashWriteS                           0x0800521f   Thumb Code   176  z_w25q64.o(.text)
    SpiFlashWriteSector                      0x080052cf   Thumb Code    38  z_w25q64.o(.text)
    SpiFlashWrite                            0x080052f5   Thumb Code   188  z_w25q64.o(.text)
    SpiFlashWriteChar                        0x080053b1   Thumb Code    72  z_w25q64.o(.text)
    SpiFlashEraseChip                        0x080053f9   Thumb Code    44  z_w25q64.o(.text)
    SpiFlashPowerDown                        0x08005425   Thumb Code    38  z_w25q64.o(.text)
    SpiFlashWakeUp                           0x0800544b   Thumb Code    38  z_w25q64.o(.text)
    setup_csb                                0x08005479   Thumb Code    66  z_sensor.o(.text)
    setup_sensor                             0x080054bb   Thumb Code     8  z_sensor.o(.text)
    csb_Delay_Us                             0x080054c3   Thumb Code    26  z_sensor.o(.text)
    get_csb_value                            0x080054dd   Thumb Code   128  z_sensor.o(.text)
    get_adc_csb_middle                       0x0800555d   Thumb Code    52  z_sensor.o(.text)
    AI_bizhang                               0x08005591   Thumb Code    94  z_sensor.o(.text)
    AI_dingju_jiaqu                          0x080055ef   Thumb Code    72  z_sensor.o(.text)
    loop_sensor                              0x08005637   Thumb Code    60  z_sensor.o(.text)
    ADC1_Configuration                       0x080056bd   Thumb Code   132  z_adc.o(.text)
    DMA_Configuration                        0x08005741   Thumb Code    76  z_adc.o(.text)
    ADC1_GPIO_Configuration                  0x0800578d   Thumb Code    42  z_adc.o(.text)
    ADC_init                                 0x080057b7   Thumb Code    16  z_adc.o(.text)
    __2sprintf                               0x080057d9   Thumb Code    34  noretval__2sprintf.o(.text)
    _printf_pre_padding                      0x08005801   Thumb Code    44  _printf_pad.o(.text)
    _printf_post_padding                     0x0800582d   Thumb Code    34  _printf_pad.o(.text)
    _printf_int_dec                          0x08005851   Thumb Code   104  _printf_dec.o(.text)
    __printf                                 0x080058c9   Thumb Code   308  __printf_flags_wp.o(.text)
    __0sscanf                                0x08005a01   Thumb Code    52  __0sscanf.o(.text)
    _scanf_int                               0x08005a3d   Thumb Code   332  _scanf_int.o(.text)
    strcpy                                   0x08005b89   Thumb Code    72  strcpy.o(.text)
    strlen                                   0x08005bd1   Thumb Code    62  strlen.o(.text)
    __aeabi_memclr                           0x08005c0f   Thumb Code     0  rt_memclr.o(.text)
    __rt_memclr                              0x08005c0f   Thumb Code    68  rt_memclr.o(.text)
    _memset                                  0x08005c13   Thumb Code     0  rt_memclr.o(.text)
    __aeabi_memclr4                          0x08005c53   Thumb Code     0  rt_memclr_w.o(.text)
    __aeabi_memclr8                          0x08005c53   Thumb Code     0  rt_memclr_w.o(.text)
    __rt_memclr_w                            0x08005c53   Thumb Code    78  rt_memclr_w.o(.text)
    _memset_w                                0x08005c57   Thumb Code     0  rt_memclr_w.o(.text)
    __use_two_region_memory                  0x08005ca1   Thumb Code     2  heapauxi.o(.text)
    __rt_heap_escrow$2region                 0x08005ca3   Thumb Code     2  heapauxi.o(.text)
    __rt_heap_expand$2region                 0x08005ca5   Thumb Code     2  heapauxi.o(.text)
    _printf_int_common                       0x08005ca7   Thumb Code   178  _printf_intcommon.o(.text)
    _printf_char_common                      0x08005d63   Thumb Code    32  _printf_char_common.o(.text)
    _sputc                                   0x08005d89   Thumb Code    10  _sputc.o(.text)
    _chval                                   0x08005d93   Thumb Code    28  _chval.o(.text)
    __vfscanf_char                           0x08005dbd   Thumb Code    24  scanf_char.o(.text)
    _sgetc                                   0x08005ddd   Thumb Code    30  _sgetc.o(.text)
    _sbackspace                              0x08005dfb   Thumb Code    34  _sgetc.o(.text)
    isspace                                  0x08005e1d   Thumb Code    18  isspace.o(.text)
    __vfscanf                                0x08005e31   Thumb Code   880  _scanf.o(.text)
    __user_libspace                          0x080061a5   Thumb Code     8  libspace.o(.text)
    __user_perproc_libspace                  0x080061a5   Thumb Code     0  libspace.o(.text)
    __user_perthread_libspace                0x080061a5   Thumb Code     0  libspace.o(.text)
    __user_setup_stackheap                   0x080061ad   Thumb Code    74  sys_stackheap_outer.o(.text)
    __rt_ctype_table                         0x080061f9   Thumb Code    16  rt_ctype_table.o(.text)
    exit                                     0x08006209   Thumb Code    18  exit.o(.text)
    __rt_locale                              0x0800621d   Thumb Code     8  rt_locale_intlibspace.o(.text)
    strcmp                                   0x08006225   Thumb Code   128  strcmpv7m.o(.text)
    _sys_exit                                0x080062a5   Thumb Code     8  sys_exit.o(.text)
    __I$use$semihosting                      0x080062b1   Thumb Code     0  use_no_semi.o(.text)
    __use_no_semihosting_swi                 0x080062b1   Thumb Code     2  use_no_semi.o(.text)
    __semihosting_library_function           0x080062b3   Thumb Code     0  indicate_semi.o(.text)
    _is_digit                                0x080062b3   Thumb Code    14  __printf_wp.o(i._is_digit)
    _get_lc_ctype                            0x080062c1   Thumb Code    44  lc_ctype_c.o(locale$$code)
    __aeabi_d2f                              0x080062ed   Thumb Code     0  d2f.o(x$fpl$d2f)
    _d2f                                     0x080062ed   Thumb Code    98  d2f.o(x$fpl$d2f)
    __aeabi_ddiv                             0x08006351   Thumb Code     0  ddiv.o(x$fpl$ddiv)
    _ddiv                                    0x08006351   Thumb Code   552  ddiv.o(x$fpl$ddiv)
    __aeabi_d2uiz                            0x08006601   Thumb Code     0  dfixu.o(x$fpl$dfixu)
    _dfixu                                   0x08006601   Thumb Code    90  dfixu.o(x$fpl$dfixu)
    __aeabi_ui2d                             0x0800665b   Thumb Code     0  dflt_clz.o(x$fpl$dfltu)
    _dfltu                                   0x0800665b   Thumb Code    38  dflt_clz.o(x$fpl$dfltu)
    __aeabi_dmul                             0x08006681   Thumb Code     0  dmul.o(x$fpl$dmul)
    _dmul                                    0x08006681   Thumb Code   332  dmul.o(x$fpl$dmul)
    __fpl_dnaninf                            0x080067d5   Thumb Code   156  dnaninf.o(x$fpl$dnaninf)
    __fpl_dretinf                            0x08006871   Thumb Code    12  dretinf.o(x$fpl$dretinf)
    __aeabi_f2d                              0x0800687d   Thumb Code     0  f2d.o(x$fpl$f2d)
    _f2d                                     0x0800687d   Thumb Code    86  f2d.o(x$fpl$f2d)
    __aeabi_fadd                             0x080068d5   Thumb Code     0  faddsub_clz.o(x$fpl$fadd)
    _fadd                                    0x080068d5   Thumb Code   196  faddsub_clz.o(x$fpl$fadd)
    __fpl_fcmp_Inf                           0x08006999   Thumb Code    24  fcmpi.o(x$fpl$fcmpinf)
    __aeabi_cfcmpeq                          0x080069b1   Thumb Code     0  feqf.o(x$fpl$feqf)
    _fcmpeq                                  0x080069b1   Thumb Code   104  feqf.o(x$fpl$feqf)
    __aeabi_f2uiz                            0x08006a19   Thumb Code     0  ffixu.o(x$fpl$ffixu)
    _ffixu                                   0x08006a19   Thumb Code    62  ffixu.o(x$fpl$ffixu)
    __aeabi_i2f                              0x08006a59   Thumb Code     0  fflt_clz.o(x$fpl$fflt)
    _fflt                                    0x08006a59   Thumb Code    48  fflt_clz.o(x$fpl$fflt)
    __aeabi_ui2f                             0x08006a89   Thumb Code     0  fflt_clz.o(x$fpl$ffltu)
    _ffltu                                   0x08006a89   Thumb Code    38  fflt_clz.o(x$fpl$ffltu)
    __aeabi_cfcmple                          0x08006ab1   Thumb Code     0  fleqf.o(x$fpl$fleqf)
    _fcmple                                  0x08006ab1   Thumb Code   104  fleqf.o(x$fpl$fleqf)
    __fpl_fcmple_InfNaN                      0x08006b03   Thumb Code     0  fleqf.o(x$fpl$fleqf)
    __aeabi_fmul                             0x08006b19   Thumb Code     0  fmul.o(x$fpl$fmul)
    _fmul                                    0x08006b19   Thumb Code   258  fmul.o(x$fpl$fmul)
    __fpl_fnaninf                            0x08006c1b   Thumb Code   140  fnaninf.o(x$fpl$fnaninf)
    __fpl_fretinf                            0x08006ca7   Thumb Code    10  fretinf.o(x$fpl$fretinf)
    __aeabi_cfrcmple                         0x08006cb1   Thumb Code     0  frleqf.o(x$fpl$frleqf)
    _frcmple                                 0x08006cb1   Thumb Code    98  frleqf.o(x$fpl$frleqf)
    __aeabi_frsub                            0x08006d13   Thumb Code     0  faddsub_clz.o(x$fpl$frsb)
    _frsb                                    0x08006d13   Thumb Code    20  faddsub_clz.o(x$fpl$frsb)
    __aeabi_fsub                             0x08006d29   Thumb Code     0  faddsub_clz.o(x$fpl$fsub)
    _fsub                                    0x08006d29   Thumb Code   234  faddsub_clz.o(x$fpl$fsub)
    __I$use$fp                               0x08006e12   Number         0  usenofp.o(x$fpl$usenofp)
    Region$$Table$$Base                      0x08006e24   Number         0  anon$$obj.o(Region$$Table)
    Region$$Table$$Limit                     0x08006e44   Number         0  anon$$obj.o(Region$$Table)
    __ctype                                  0x08006e51   Data           0  lc_ctype_c.o(locale$$data)
    SystemCoreClock                          0x20000000   Data           4  system_stm32f10x.o(.data)
    AHBPrescTable                            0x20000004   Data          16  system_stm32f10x.o(.data)
    i                                        0x20000028   Data           4  z_main.o(.data)
    do_start_index                           0x2000002c   Data           4  z_main.o(.data)
    do_time                                  0x20000030   Data           4  z_main.o(.data)
    group_num_start                          0x20000034   Data           4  z_main.o(.data)
    group_num_end                            0x20000038   Data           4  z_main.o(.data)
    group_num_times                          0x2000003c   Data           4  z_main.o(.data)
    needSaveFlag                             0x20000040   Data           1  z_main.o(.data)
    bias_systick_ms_bak                      0x20000044   Data           4  z_main.o(.data)
    action_time                              0x20000048   Data           4  z_main.o(.data)
    uart1_get_ok                             0x20000064   Data           1  z_global.o(.data)
    uart1_mode                               0x20000065   Data           1  z_global.o(.data)
    AI_mode                                  0x20000066   Data           1  z_global.o(.data)
    group_do_ok                              0x20000067   Data           1  z_global.o(.data)
    systick_ms                               0x2000006c   Data           4  z_timer.o(.data)
    ir_start                                 0x20000070   Data           1  z_timer.o(.data)
    ir_start_flag                            0x20000071   Data           1  z_timer.o(.data)
    ir_repeat                                0x20000072   Data           1  z_timer.o(.data)
    ir_repeat_flag                           0x20000073   Data           1  z_timer.o(.data)
    ir_end_flag                              0x20000074   Data           1  z_timer.o(.data)
    ir_time_flag                             0x20000075   Data           1  z_timer.o(.data)
    ir_data_count                            0x20000076   Data           1  z_timer.o(.data)
    GPIO_InitStructure                       0x2000008a   Data           4  z_w25q64.o(.data)
    ir_data                                  0x20000091   Data           4  z_sensor.o(.data)
    ir_flag                                  0x20000095   Data           1  z_sensor.o(.data)
    ADC_ConvertedValue                       0x200000a8   Data           2  z_adc.o(.data)
    duoji_doing                              0x200000ac   Data         128  z_global.o(.bss)
    cmd_return                               0x2000012c   Data        1024  z_global.o(.bss)
    uart_receive_buf                         0x2000052c   Data        1024  z_global.o(.bss)
    eeprom_info                              0x2000092c   Data         192  z_global.o(.bss)
    SPI_InitStructure                        0x200009ec   Data          18  z_w25q64.o(.bss)
    W25Q_BUF                                 0x200009fe   Data        4096  z_w25q64.o(.bss)
    __libspace_start                         0x20001a14   Data          96  libspace.o(.bss)
    __temporary_stack_top$libspace           0x20001a74   Data           0  libspace.o(.bss)



==============================================================================

Memory Map of the image

  Image Entry point : 0x08000131

  Load Region LR_IROM1 (Base: 0x08000000, Size: 0x00007000, Max: 0x00010000, ABSOLUTE)

    Execution Region ER_IROM1 (Exec base: 0x08000000, Load base: 0x08000000, Size: 0x00006f54, Max: 0x00010000, ABSOLUTE)

    Exec Addr    Load Addr    Size         Type   Attr      Idx    E Section Name        Object

    0x08000000   0x08000000   0x00000130   Data   RO          272    RESET               startup_stm32f10x_hd.o
    0x08000130   0x08000130   0x00000008   Code   RO          591  * !!!main             c_w.l(__main.o)
    0x08000138   0x08000138   0x00000034   Code   RO          949    !!!scatter          c_w.l(__scatter.o)
    0x0800016c   0x0800016c   0x0000001a   Code   RO          951    !!handler_copy      c_w.l(__scatter_copy.o)
    0x08000186   0x08000186   0x00000002   PAD
    0x08000188   0x08000188   0x0000001c   Code   RO          953    !!handler_zi        c_w.l(__scatter_zi.o)
    0x080001a4   0x080001a4   0x00000000   Code   RO          576    .ARM.Collect$$_printf_percent$$00000000  c_w.l(_printf_percent.o)
    0x080001a4   0x080001a4   0x00000006   Code   RO          575    .ARM.Collect$$_printf_percent$$00000009  c_w.l(_printf_d.o)
    0x080001aa   0x080001aa   0x00000004   Code   RO          708    .ARM.Collect$$_printf_percent$$00000017  c_w.l(_printf_percent_end.o)
    0x080001ae   0x080001ae   0x00000002   Code   RO          806    .ARM.Collect$$libinit$$00000000  c_w.l(libinit.o)
    0x080001b0   0x080001b0   0x00000000   Code   RO          820    .ARM.Collect$$libinit$$00000002  c_w.l(libinit2.o)
    0x080001b0   0x080001b0   0x00000000   Code   RO          822    .ARM.Collect$$libinit$$00000004  c_w.l(libinit2.o)
    0x080001b0   0x080001b0   0x00000000   Code   RO          825    .ARM.Collect$$libinit$$0000000A  c_w.l(libinit2.o)
    0x080001b0   0x080001b0   0x00000000   Code   RO          827    .ARM.Collect$$libinit$$0000000C  c_w.l(libinit2.o)
    0x080001b0   0x080001b0   0x00000000   Code   RO          829    .ARM.Collect$$libinit$$0000000E  c_w.l(libinit2.o)
    0x080001b0   0x080001b0   0x00000006   Code   RO          830    .ARM.Collect$$libinit$$0000000F  c_w.l(libinit2.o)
    0x080001b6   0x080001b6   0x00000000   Code   RO          832    .ARM.Collect$$libinit$$00000011  c_w.l(libinit2.o)
    0x080001b6   0x080001b6   0x0000000c   Code   RO          833    .ARM.Collect$$libinit$$00000012  c_w.l(libinit2.o)
    0x080001c2   0x080001c2   0x00000000   Code   RO          834    .ARM.Collect$$libinit$$00000013  c_w.l(libinit2.o)
    0x080001c2   0x080001c2   0x00000000   Code   RO          836    .ARM.Collect$$libinit$$00000015  c_w.l(libinit2.o)
    0x080001c2   0x080001c2   0x00000000   Code   RO          838    .ARM.Collect$$libinit$$00000017  c_w.l(libinit2.o)
    0x080001c2   0x080001c2   0x00000000   Code   RO          840    .ARM.Collect$$libinit$$00000019  c_w.l(libinit2.o)
    0x080001c2   0x080001c2   0x00000000   Code   RO          842    .ARM.Collect$$libinit$$0000001B  c_w.l(libinit2.o)
    0x080001c2   0x080001c2   0x00000000   Code   RO          844    .ARM.Collect$$libinit$$0000001D  c_w.l(libinit2.o)
    0x080001c2   0x080001c2   0x00000000   Code   RO          846    .ARM.Collect$$libinit$$0000001F  c_w.l(libinit2.o)
    0x080001c2   0x080001c2   0x00000000   Code   RO          848    .ARM.Collect$$libinit$$00000021  c_w.l(libinit2.o)
    0x080001c2   0x080001c2   0x00000000   Code   RO          850    .ARM.Collect$$libinit$$00000023  c_w.l(libinit2.o)
    0x080001c2   0x080001c2   0x00000000   Code   RO          852    .ARM.Collect$$libinit$$00000025  c_w.l(libinit2.o)
    0x080001c2   0x080001c2   0x00000000   Code   RO          856    .ARM.Collect$$libinit$$0000002C  c_w.l(libinit2.o)
    0x080001c2   0x080001c2   0x00000000   Code   RO          858    .ARM.Collect$$libinit$$0000002E  c_w.l(libinit2.o)
    0x080001c2   0x080001c2   0x00000000   Code   RO          860    .ARM.Collect$$libinit$$00000030  c_w.l(libinit2.o)
    0x080001c2   0x080001c2   0x00000000   Code   RO          862    .ARM.Collect$$libinit$$00000032  c_w.l(libinit2.o)
    0x080001c2   0x080001c2   0x00000002   Code   RO          863    .ARM.Collect$$libinit$$00000033  c_w.l(libinit2.o)
    0x080001c4   0x080001c4   0x00000002   Code   RO          887    .ARM.Collect$$libshutdown$$00000000  c_w.l(libshutdown.o)
    0x080001c6   0x080001c6   0x00000000   Code   RO          900    .ARM.Collect$$libshutdown$$00000002  c_w.l(libshutdown2.o)
    0x080001c6   0x080001c6   0x00000000   Code   RO          902    .ARM.Collect$$libshutdown$$00000004  c_w.l(libshutdown2.o)
    0x080001c6   0x080001c6   0x00000000   Code   RO          904    .ARM.Collect$$libshutdown$$00000006  c_w.l(libshutdown2.o)
    0x080001c6   0x080001c6   0x00000000   Code   RO          907    .ARM.Collect$$libshutdown$$00000009  c_w.l(libshutdown2.o)
    0x080001c6   0x080001c6   0x00000000   Code   RO          910    .ARM.Collect$$libshutdown$$0000000C  c_w.l(libshutdown2.o)
    0x080001c6   0x080001c6   0x00000000   Code   RO          912    .ARM.Collect$$libshutdown$$0000000E  c_w.l(libshutdown2.o)
    0x080001c6   0x080001c6   0x00000000   Code   RO          915    .ARM.Collect$$libshutdown$$00000011  c_w.l(libshutdown2.o)
    0x080001c6   0x080001c6   0x00000002   Code   RO          916    .ARM.Collect$$libshutdown$$00000012  c_w.l(libshutdown2.o)
    0x080001c8   0x080001c8   0x00000000   Code   RO          699    .ARM.Collect$$rtentry$$00000000  c_w.l(__rtentry.o)
    0x080001c8   0x080001c8   0x00000000   Code   RO          765    .ARM.Collect$$rtentry$$00000002  c_w.l(__rtentry2.o)
    0x080001c8   0x080001c8   0x00000006   Code   RO          777    .ARM.Collect$$rtentry$$00000004  c_w.l(__rtentry4.o)
    0x080001ce   0x080001ce   0x00000000   Code   RO          767    .ARM.Collect$$rtentry$$00000009  c_w.l(__rtentry2.o)
    0x080001ce   0x080001ce   0x00000004   Code   RO          768    .ARM.Collect$$rtentry$$0000000A  c_w.l(__rtentry2.o)
    0x080001d2   0x080001d2   0x00000000   Code   RO          770    .ARM.Collect$$rtentry$$0000000C  c_w.l(__rtentry2.o)
    0x080001d2   0x080001d2   0x00000008   Code   RO          771    .ARM.Collect$$rtentry$$0000000D  c_w.l(__rtentry2.o)
    0x080001da   0x080001da   0x00000002   Code   RO          809    .ARM.Collect$$rtexit$$00000000  c_w.l(rtexit.o)
    0x080001dc   0x080001dc   0x00000000   Code   RO          867    .ARM.Collect$$rtexit$$00000002  c_w.l(rtexit2.o)
    0x080001dc   0x080001dc   0x00000004   Code   RO          868    .ARM.Collect$$rtexit$$00000003  c_w.l(rtexit2.o)
    0x080001e0   0x080001e0   0x00000006   Code   RO          869    .ARM.Collect$$rtexit$$00000004  c_w.l(rtexit2.o)
    0x080001e6   0x080001e6   0x00000018   Code   RO            1    .text               stm32f10x_it.o
    0x080001fe   0x080001fe   0x00000002   PAD
    0x08000200   0x08000200   0x000001e0   Code   RO           86    .text               system_stm32f10x.o
    0x080003e0   0x080003e0   0x0000035c   Code   RO          144    .text               stm32f10x_gpio.o
    0x0800073c   0x0800073c   0x000003a4   Code   RO          160    .text               stm32f10x_rcc.o
    0x08000ae0   0x08000ae0   0x000000dc   Code   RO          174    .text               misc.o
    0x08000bbc   0x08000bbc   0x00000408   Code   RO          186    .text               stm32f10x_usart.o
    0x08000fc4   0x08000fc4   0x00000e1a   Code   RO          210    .text               stm32f10x_tim.o
    0x08001dde   0x08001dde   0x00000002   PAD
    0x08001de0   0x08001de0   0x0000030c   Code   RO          222    .text               stm32f10x_spi.o
    0x080020ec   0x080020ec   0x0000044e   Code   RO          234    .text               stm32f10x_adc.o
    0x0800253a   0x0800253a   0x00000002   PAD
    0x0800253c   0x0800253c   0x00000254   Code   RO          246    .text               stm32f10x_dma.o
    0x08002790   0x08002790   0x00000040   Code   RO          273    .text               startup_stm32f10x_hd.o
    0x080027d0   0x080027d0   0x00001508   Code   RO          277    .text               z_main.o
    0x08003cd8   0x08003cd8   0x00000050   Code   RO          342    .text               z_delay.o
    0x08003d28   0x08003d28   0x000000d0   Code   RO          360    .text               z_global.o
    0x08003df8   0x08003df8   0x00000244   Code   RO          383    .text               z_gpio.o
    0x0800403c   0x0800403c   0x0000005e   Code   RO          414    .text               z_rcc.o
    0x0800409a   0x0800409a   0x00000002   PAD
    0x0800409c   0x0800409c   0x00000868   Code   RO          429    .text               z_timer.o
    0x08004904   0x08004904   0x000004ec   Code   RO          444    .text               z_usart.o
    0x08004df0   0x08004df0   0x00000688   Code   RO          457    .text               z_w25q64.o
    0x08005478   0x08005478   0x00000244   Code   RO          473    .text               z_sensor.o
    0x080056bc   0x080056bc   0x0000011c   Code   RO          492    .text               z_adc.o
    0x080057d8   0x080057d8   0x00000028   Code   RO          547    .text               c_w.l(noretval__2sprintf.o)
    0x08005800   0x08005800   0x0000004e   Code   RO          551    .text               c_w.l(_printf_pad.o)
    0x0800584e   0x0800584e   0x00000002   PAD
    0x08005850   0x08005850   0x00000078   Code   RO          553    .text               c_w.l(_printf_dec.o)
    0x080058c8   0x080058c8   0x00000138   Code   RO          567    .text               c_w.l(__printf_flags_wp.o)
    0x08005a00   0x08005a00   0x0000003c   Code   RO          577    .text               c_w.l(__0sscanf.o)
    0x08005a3c   0x08005a3c   0x0000014c   Code   RO          579    .text               c_w.l(_scanf_int.o)
    0x08005b88   0x08005b88   0x00000048   Code   RO          581    .text               c_w.l(strcpy.o)
    0x08005bd0   0x08005bd0   0x0000003e   Code   RO          583    .text               c_w.l(strlen.o)
    0x08005c0e   0x08005c0e   0x00000044   Code   RO          585    .text               c_w.l(rt_memclr.o)
    0x08005c52   0x08005c52   0x0000004e   Code   RO          587    .text               c_w.l(rt_memclr_w.o)
    0x08005ca0   0x08005ca0   0x00000006   Code   RO          589    .text               c_w.l(heapauxi.o)
    0x08005ca6   0x08005ca6   0x000000b2   Code   RO          702    .text               c_w.l(_printf_intcommon.o)
    0x08005d58   0x08005d58   0x00000030   Code   RO          704    .text               c_w.l(_printf_char_common.o)
    0x08005d88   0x08005d88   0x0000000a   Code   RO          706    .text               c_w.l(_sputc.o)
    0x08005d92   0x08005d92   0x0000001c   Code   RO          709    .text               c_w.l(_chval.o)
    0x08005dae   0x08005dae   0x00000002   PAD
    0x08005db0   0x08005db0   0x0000002c   Code   RO          711    .text               c_w.l(scanf_char.o)
    0x08005ddc   0x08005ddc   0x00000040   Code   RO          713    .text               c_w.l(_sgetc.o)
    0x08005e1c   0x08005e1c   0x00000012   Code   RO          784    .text               c_w.l(isspace.o)
    0x08005e2e   0x08005e2e   0x00000002   PAD
    0x08005e30   0x08005e30   0x00000374   Code   RO          788    .text               c_w.l(_scanf.o)
    0x080061a4   0x080061a4   0x00000008   Code   RO          792    .text               c_w.l(libspace.o)
    0x080061ac   0x080061ac   0x0000004a   Code   RO          795    .text               c_w.l(sys_stackheap_outer.o)
    0x080061f6   0x080061f6   0x00000002   PAD
    0x080061f8   0x080061f8   0x00000010   Code   RO          797    .text               c_w.l(rt_ctype_table.o)
    0x08006208   0x08006208   0x00000012   Code   RO          799    .text               c_w.l(exit.o)
    0x0800621a   0x0800621a   0x00000002   PAD
    0x0800621c   0x0800621c   0x00000008   Code   RO          814    .text               c_w.l(rt_locale_intlibspace.o)
    0x08006224   0x08006224   0x00000080   Code   RO          873    .text               c_w.l(strcmpv7m.o)
    0x080062a4   0x080062a4   0x0000000c   Code   RO          879    .text               c_w.l(sys_exit.o)
    0x080062b0   0x080062b0   0x00000002   Code   RO          890    .text               c_w.l(use_no_semi.o)
    0x080062b2   0x080062b2   0x00000000   Code   RO          892    .text               c_w.l(indicate_semi.o)
    0x080062b2   0x080062b2   0x0000000e   Code   RO          565    i._is_digit         c_w.l(__printf_wp.o)
    0x080062c0   0x080062c0   0x0000002c   Code   RO          817    locale$$code        c_w.l(lc_ctype_c.o)
    0x080062ec   0x080062ec   0x00000062   Code   RO          593    x$fpl$d2f           fz_ws.l(d2f.o)
    0x0800634e   0x0800634e   0x00000002   PAD
    0x08006350   0x08006350   0x000002b0   Code   RO          602    x$fpl$ddiv          fz_ws.l(ddiv.o)
    0x08006600   0x08006600   0x0000005a   Code   RO          609    x$fpl$dfixu         fz_ws.l(dfixu.o)
    0x0800665a   0x0800665a   0x00000026   Code   RO          613    x$fpl$dfltu         fz_ws.l(dflt_clz.o)
    0x08006680   0x08006680   0x00000154   Code   RO          621    x$fpl$dmul          fz_ws.l(dmul.o)
    0x080067d4   0x080067d4   0x0000009c   Code   RO          717    x$fpl$dnaninf       fz_ws.l(dnaninf.o)
    0x08006870   0x08006870   0x0000000c   Code   RO          719    x$fpl$dretinf       fz_ws.l(dretinf.o)
    0x0800687c   0x0800687c   0x00000056   Code   RO          625    x$fpl$f2d           fz_ws.l(f2d.o)
    0x080068d2   0x080068d2   0x00000002   PAD
    0x080068d4   0x080068d4   0x000000c4   Code   RO          627    x$fpl$fadd          fz_ws.l(faddsub_clz.o)
    0x08006998   0x08006998   0x00000018   Code   RO          723    x$fpl$fcmpinf       fz_ws.l(fcmpi.o)
    0x080069b0   0x080069b0   0x00000068   Code   RO          637    x$fpl$feqf          fz_ws.l(feqf.o)
    0x08006a18   0x08006a18   0x0000003e   Code   RO          639    x$fpl$ffixu         fz_ws.l(ffixu.o)
    0x08006a56   0x08006a56   0x00000002   PAD
    0x08006a58   0x08006a58   0x00000030   Code   RO          644    x$fpl$fflt          fz_ws.l(fflt_clz.o)
    0x08006a88   0x08006a88   0x00000026   Code   RO          643    x$fpl$ffltu         fz_ws.l(fflt_clz.o)
    0x08006aae   0x08006aae   0x00000002   PAD
    0x08006ab0   0x08006ab0   0x00000068   Code   RO          649    x$fpl$fleqf         fz_ws.l(fleqf.o)
    0x08006b18   0x08006b18   0x00000102   Code   RO          651    x$fpl$fmul          fz_ws.l(fmul.o)
    0x08006c1a   0x08006c1a   0x0000008c   Code   RO          725    x$fpl$fnaninf       fz_ws.l(fnaninf.o)
    0x08006ca6   0x08006ca6   0x0000000a   Code   RO          727    x$fpl$fretinf       fz_ws.l(fretinf.o)
    0x08006cb0   0x08006cb0   0x00000062   Code   RO          653    x$fpl$frleqf        fz_ws.l(frleqf.o)
    0x08006d12   0x08006d12   0x00000014   Code   RO          628    x$fpl$frsb          fz_ws.l(faddsub_clz.o)
    0x08006d26   0x08006d26   0x00000002   PAD
    0x08006d28   0x08006d28   0x000000ea   Code   RO          629    x$fpl$fsub          fz_ws.l(faddsub_clz.o)
    0x08006e12   0x08006e12   0x00000000   Code   RO          731    x$fpl$usenofp       fz_ws.l(usenofp.o)
    0x08006e12   0x08006e12   0x00000011   Data   RO          568    .constdata          c_w.l(__printf_flags_wp.o)
    0x08006e23   0x08006e23   0x00000001   PAD
    0x08006e24   0x08006e24   0x00000020   Data   RO          947    Region$$Table       anon$$obj.o
    0x08006e44   0x08006e44   0x00000110   Data   RO          816    locale$$data        c_w.l(lc_ctype_c.o)


    Execution Region RW_IRAM1 (Exec base: 0x20000000, Load base: 0x08006f54, Size: 0x00002078, Max: 0x00005000, ABSOLUTE)

    Exec Addr    Load Addr    Size         Type   Attr      Idx    E Section Name        Object

    0x20000000   0x08006f54   0x00000014   Data   RW           87    .data               system_stm32f10x.o
    0x20000014   0x08006f68   0x00000014   Data   RW          161    .data               stm32f10x_rcc.o
    0x20000028   0x08006f7c   0x0000003c   Data   RW          278    .data               z_main.o
    0x20000064   0x08006fb8   0x00000004   Data   RW          362    .data               z_global.o
    0x20000068   0x08006fbc   0x00000001   Data   RW          384    .data               z_gpio.o
    0x20000069   0x08006fbd   0x00000003   PAD
    0x2000006c   0x08006fc0   0x0000001a   Data   RW          430    .data               z_timer.o
    0x20000086   0x08006fda   0x00000004   Data   RW          445    .data               z_usart.o
    0x2000008a   0x08006fde   0x00000005   Data   RW          459    .data               z_w25q64.o
    0x2000008f   0x08006fe3   0x00000001   PAD
    0x20000090   0x08006fe4   0x00000018   Data   RW          475    .data               z_sensor.o
    0x200000a8   0x08006ffc   0x00000002   Data   RW          493    .data               z_adc.o
    0x200000aa   0x08006ffe   0x00000002   PAD
    0x200000ac        -       0x00000940   Zero   RW          361    .bss                z_global.o
    0x200009ec        -       0x00001012   Zero   RW          458    .bss                z_w25q64.o
    0x200019fe   0x08006ffe   0x00000002   PAD
    0x20001a00        -       0x00000014   Zero   RW          474    .bss                z_sensor.o
    0x20001a14        -       0x00000060   Zero   RW          793    .bss                c_w.l(libspace.o)
    0x20001a74   0x08006ffe   0x00000004   PAD
    0x20001a78        -       0x00000200   Zero   RW          271    HEAP                startup_stm32f10x_hd.o
    0x20001c78        -       0x00000400   Zero   RW          270    STACK               startup_stm32f10x_hd.o


==============================================================================

Image component sizes


      Code (inc. data)   RO Data    RW Data    ZI Data      Debug   Object Name

         0          0          0          0          0         32   core_cm3.o
       220         22          0          0          0       1717   misc.o
        64         26        304          0       1536        780   startup_stm32f10x_hd.o
      1102         26          0          0          0      10961   stm32f10x_adc.o
       596          8          0          0          0       4286   stm32f10x_dma.o
       860         38          0          0          0       5657   stm32f10x_gpio.o
        24          0          0          0          0     269742   stm32f10x_it.o
       932         36          0         20          0       8808   stm32f10x_rcc.o
       780         14          0          0          0       6534   stm32f10x_spi.o
      3610         88          0          0          0      22764   stm32f10x_tim.o
      1032         22          0          0          0       8376   stm32f10x_usart.o
       480         38          0         20          0     274635   system_stm32f10x.o
       284         18          0          2          0       1641   z_adc.o
        80          0          0          0          0       1081   z_delay.o
       208         10          0          4       2368       3031   z_global.o
       580         26          0          1          0       2703   z_gpio.o
      5384       1052          0         60          0      25115   z_main.o
        94          0          0          0          0        486   z_rcc.o
       580         74          0         24         20       2748   z_sensor.o
      2152         96          0         26          0       5485   z_timer.o
      1260         52          0          4          0       4925   z_usart.o
      1672         28          0          5       4114       6797   z_w25q64.o

    ----------------------------------------------------------------------
     22002       1674        336        172       8040     668304   Object Totals
         0          0         32          0          0          0   (incl. Generated)
         8          0          0          6          2          0   (incl. Padding)

    ----------------------------------------------------------------------

      Code (inc. data)   RO Data    RW Data    ZI Data      Debug   Library Member Name

        60          8          0          0          0         84   __0sscanf.o
         8          0          0          0          0         68   __main.o
       312          4         17          0          0         92   __printf_flags_wp.o
        14          0          0          0          0         68   __printf_wp.o
         0          0          0          0          0          0   __rtentry.o
        12          0          0          0          0          0   __rtentry2.o
         6          0          0          0          0          0   __rtentry4.o
        52          8          0          0          0          0   __scatter.o
        26          0          0          0          0          0   __scatter_copy.o
        28          0          0          0          0          0   __scatter_zi.o
        28          0          0          0          0         68   _chval.o
        48          6          0          0          0         96   _printf_char_common.o
         6          0          0          0          0          0   _printf_d.o
       120         16          0          0          0         92   _printf_dec.o
       178          0          0          0          0         88   _printf_intcommon.o
        78          0          0          0          0        108   _printf_pad.o
         0          0          0          0          0          0   _printf_percent.o
         4          0          0          0          0          0   _printf_percent_end.o
       884          4          0          0          0        100   _scanf.o
       332          0          0          0          0         96   _scanf_int.o
        64          0          0          0          0         84   _sgetc.o
        10          0          0          0          0         68   _sputc.o
        18          0          0          0          0         80   exit.o
         6          0          0          0          0        152   heapauxi.o
         0          0          0          0          0          0   indicate_semi.o
        18          0          0          0          0         76   isspace.o
        44         10        272          0          0         76   lc_ctype_c.o
         2          0          0          0          0          0   libinit.o
        20          0          0          0          0          0   libinit2.o
         2          0          0          0          0          0   libshutdown.o
         2          0          0          0          0          0   libshutdown2.o
         8          4          0          0         96         68   libspace.o
        40          6          0          0          0         84   noretval__2sprintf.o
        16          4          0          0          0         76   rt_ctype_table.o
         8          4          0          0          0         68   rt_locale_intlibspace.o
        68          0          0          0          0         68   rt_memclr.o
        78          0          0          0          0         80   rt_memclr_w.o
         2          0          0          0          0          0   rtexit.o
        10          0          0          0          0          0   rtexit2.o
        44          8          0          0          0         84   scanf_char.o
       128          0          0          0          0         68   strcmpv7m.o
        72          0          0          0          0         80   strcpy.o
        62          0          0          0          0         76   strlen.o
        12          4          0          0          0         68   sys_exit.o
        74          0          0          0          0         80   sys_stackheap_outer.o
         2          0          0          0          0         68   use_no_semi.o
        98          4          0          0          0         92   d2f.o
       688        140          0          0          0        208   ddiv.o
        90          4          0          0          0         92   dfixu.o
        38          0          0          0          0         68   dflt_clz.o
       340         12          0          0          0        104   dmul.o
       156          4          0          0          0         92   dnaninf.o
        12          0          0          0          0         68   dretinf.o
        86          4          0          0          0         84   f2d.o
       450          8          0          0          0        236   faddsub_clz.o
        24          0          0          0          0         68   fcmpi.o
       104          4          0          0          0         84   feqf.o
        62          4          0          0          0         84   ffixu.o
        86          0          0          0          0        136   fflt_clz.o
       104          4          0          0          0         84   fleqf.o
       258          4          0          0          0         84   fmul.o
       140          4          0          0          0         84   fnaninf.o
        10          0          0          0          0         68   fretinf.o
        98          0          0          0          0         68   frleqf.o
         0          0          0          0          0          0   usenofp.o

    ----------------------------------------------------------------------
      5872        282        290          0        100       4268   Library Totals
        22          0          1          0          4          0   (incl. Padding)

    ----------------------------------------------------------------------

      Code (inc. data)   RO Data    RW Data    ZI Data      Debug   Library Name

      3006         86        289          0         96       2464   c_w.l
      2844        196          0          0          0       1804   fz_ws.l

    ----------------------------------------------------------------------
      5872        282        290          0        100       4268   Library Totals

    ----------------------------------------------------------------------

==============================================================================


      Code (inc. data)   RO Data    RW Data    ZI Data      Debug   

     27874       1956        626        172       8140     668044   Grand Totals
     27874       1956        626        172       8140     668044   ELF Image Totals
     27874       1956        626        172          0          0   ROM Totals

==============================================================================

    Total RO  Size (Code + RO Data)                28500 (  27.83kB)
    Total RW  Size (RW Data + ZI Data)              8312 (   8.12kB)
    Total ROM Size (Code + RO Data + RW Data)      28672 (  28.00kB)

==============================================================================

